<?xml version="1.0"?>
<link_info>
   <banner>TI ARM Linker PC v16.9.3.LTS</banner>
   <copyright>Copyright (c) 1996-2017 Texas Instruments Incorporated</copyright>
   <link_time>0x59933d5a</link_time>
   <link_errors>0x0</link_errors>
   <output_file>contxtSwitch.out</output_file>
   <entry_point>
      <name>_c_int00</name>
      <address>0x5dd</address>
   </entry_point>
   <input_file_list>
      <input_file id="fl-2">
         <path>.\</path>
         <kind>object</kind>
         <file>main.obj</file>
         <name>main.obj</name>
      </input_file>
      <input_file id="fl-3">
         <path>.\</path>
         <kind>object</kind>
         <file>startup_msp432p401r_ccs.obj</file>
         <name>startup_msp432p401r_ccs.obj</name>
      </input_file>
      <input_file id="fl-4">
         <path>.\</path>
         <kind>object</kind>
         <file>system_msp432p401r.obj</file>
         <name>system_msp432p401r.obj</name>
      </input_file>
      <input_file id="fl-9">
         <kind>object</kind>
         <file>&lt;internal&gt;</file>
         <name>&lt;internal&gt;</name>
      </input_file>
      <input_file id="fl-bf">
         <path>D:\ti\ccsv7\tools\compiler\ti-cgt-arm_16.9.3.LTS\lib\</path>
         <kind>archive</kind>
         <file>rtsv7M4_T_le_v4SPD16_eabi.lib</file>
         <name>boot.obj</name>
      </input_file>
      <input_file id="fl-c0">
         <path>D:\ti\ccsv7\tools\compiler\ti-cgt-arm_16.9.3.LTS\lib\</path>
         <kind>archive</kind>
         <file>rtsv7M4_T_le_v4SPD16_eabi.lib</file>
         <name>copy_decompress_lzss.obj</name>
      </input_file>
      <input_file id="fl-c1">
         <path>D:\ti\ccsv7\tools\compiler\ti-cgt-arm_16.9.3.LTS\lib\</path>
         <kind>archive</kind>
         <file>rtsv7M4_T_le_v4SPD16_eabi.lib</file>
         <name>copy_decompress_none.obj</name>
      </input_file>
      <input_file id="fl-c2">
         <path>D:\ti\ccsv7\tools\compiler\ti-cgt-arm_16.9.3.LTS\lib\</path>
         <kind>archive</kind>
         <file>rtsv7M4_T_le_v4SPD16_eabi.lib</file>
         <name>copy_zero_init.obj</name>
      </input_file>
      <input_file id="fl-c3">
         <path>D:\ti\ccsv7\tools\compiler\ti-cgt-arm_16.9.3.LTS\lib\</path>
         <kind>archive</kind>
         <file>rtsv7M4_T_le_v4SPD16_eabi.lib</file>
         <name>exit.obj</name>
      </input_file>
      <input_file id="fl-c4">
         <path>D:\ti\ccsv7\tools\compiler\ti-cgt-arm_16.9.3.LTS\lib\</path>
         <kind>archive</kind>
         <file>rtsv7M4_T_le_v4SPD16_eabi.lib</file>
         <name>memcpy_t2.obj</name>
      </input_file>
      <input_file id="fl-c5">
         <path>D:\ti\ccsv7\tools\compiler\ti-cgt-arm_16.9.3.LTS\lib\</path>
         <kind>archive</kind>
         <file>rtsv7M4_T_le_v4SPD16_eabi.lib</file>
         <name>memset_t2.obj</name>
      </input_file>
      <input_file id="fl-c6">
         <path>D:\ti\ccsv7\tools\compiler\ti-cgt-arm_16.9.3.LTS\lib\</path>
         <kind>archive</kind>
         <file>rtsv7M4_T_le_v4SPD16_eabi.lib</file>
         <name>mpu_init.obj</name>
      </input_file>
      <input_file id="fl-c7">
         <path>D:\ti\ccsv7\tools\compiler\ti-cgt-arm_16.9.3.LTS\lib\</path>
         <kind>archive</kind>
         <file>rtsv7M4_T_le_v4SPD16_eabi.lib</file>
         <name>pre_init.obj</name>
      </input_file>
      <input_file id="fl-c8">
         <path>D:\ti\ccsv7\tools\compiler\ti-cgt-arm_16.9.3.LTS\lib\</path>
         <kind>archive</kind>
         <file>rtsv7M4_T_le_v4SPD16_eabi.lib</file>
         <name>stkdepth_vars.obj</name>
      </input_file>
      <input_file id="fl-c9">
         <path>D:\ti\ccsv7\tools\compiler\ti-cgt-arm_16.9.3.LTS\lib\</path>
         <kind>archive</kind>
         <file>rtsv7M4_T_le_v4SPD16_eabi.lib</file>
         <name>_lock.obj</name>
      </input_file>
      <input_file id="fl-ca">
         <path>D:\ti\ccsv7\tools\compiler\ti-cgt-arm_16.9.3.LTS\lib\</path>
         <kind>archive</kind>
         <file>rtsv7M4_T_le_v4SPD16_eabi.lib</file>
         <name>args_main.obj</name>
      </input_file>
      <input_file id="fl-cb">
         <path>D:\ti\ccsv7\tools\compiler\ti-cgt-arm_16.9.3.LTS\lib\</path>
         <kind>archive</kind>
         <file>rtsv7M4_T_le_v4SPD16_eabi.lib</file>
         <name>autoinit.obj</name>
      </input_file>
      <input_file id="fl-cc">
         <path>D:\ti\ccsv7\tools\compiler\ti-cgt-arm_16.9.3.LTS\lib\</path>
         <kind>archive</kind>
         <file>rtsv7M4_T_le_v4SPD16_eabi.lib</file>
         <name>cpy_tbl.obj</name>
      </input_file>
      <input_file id="fl-cd">
         <path>D:\ti\ccsv7\tools\compiler\ti-cgt-arm_16.9.3.LTS\lib\</path>
         <kind>archive</kind>
         <file>rtsv7M4_T_le_v4SPD16_eabi.lib</file>
         <name>startup.obj</name>
      </input_file>
   </input_file_list>
   <object_component_list>
      <object_component id="oc-28">
         <name>.intvecs:retain</name>
         <load_address>0x0</load_address>
         <run_address>0x0</run_address>
         <size>0x140</size>
         <input_file_ref idref="fl-3"/>
      </object_component>
      <object_component id="oc-b3">
         <name>.text</name>
         <load_address>0x140</load_address>
         <run_address>0x140</run_address>
         <size>0x328</size>
         <input_file_ref idref="fl-4"/>
      </object_component>
      <object_component id="oc-37">
         <name>.text</name>
         <load_address>0x468</load_address>
         <run_address>0x468</run_address>
         <size>0x9c</size>
         <input_file_ref idref="fl-c4"/>
      </object_component>
      <object_component id="oc-5b">
         <name>.text</name>
         <load_address>0x504</load_address>
         <run_address>0x504</run_address>
         <size>0x70</size>
         <input_file_ref idref="fl-cb"/>
      </object_component>
      <object_component id="oc-10">
         <name>.text:decompress:lzss</name>
         <load_address>0x574</load_address>
         <run_address>0x574</run_address>
         <size>0x68</size>
         <input_file_ref idref="fl-c0"/>
      </object_component>
      <object_component id="oc-22">
         <name>.text</name>
         <load_address>0x5dc</load_address>
         <run_address>0x5dc</run_address>
         <size>0x54</size>
         <input_file_ref idref="fl-bf"/>
      </object_component>
      <object_component id="oc-67">
         <name>.text</name>
         <load_address>0x630</load_address>
         <run_address>0x630</run_address>
         <size>0x54</size>
         <input_file_ref idref="fl-c3"/>
      </object_component>
      <object_component id="oc-92">
         <name>.text</name>
         <load_address>0x684</load_address>
         <run_address>0x684</run_address>
         <size>0x4c</size>
         <input_file_ref idref="fl-cc"/>
      </object_component>
      <object_component id="oc-61">
         <name>.text</name>
         <load_address>0x6d0</load_address>
         <run_address>0x6d0</run_address>
         <size>0x18</size>
         <input_file_ref idref="fl-ca"/>
      </object_component>
      <object_component id="oc-d7">
         <name>.text</name>
         <load_address>0x6e8</load_address>
         <run_address>0x6e8</run_address>
         <size>0x14</size>
         <input_file_ref idref="fl-c9"/>
      </object_component>
      <object_component id="oc-71">
         <name>.text</name>
         <load_address>0x6fc</load_address>
         <run_address>0x6fc</run_address>
         <size>0x12</size>
         <input_file_ref idref="fl-3"/>
      </object_component>
      <object_component id="oc-4f">
         <name>.text</name>
         <load_address>0x70e</load_address>
         <run_address>0x70e</run_address>
         <size>0x2</size>
         <input_file_ref idref="fl-c6"/>
      </object_component>
      <object_component id="oc-a0">
         <name>.text</name>
         <load_address>0x710</load_address>
         <run_address>0x710</run_address>
         <size>0x10</size>
         <input_file_ref idref="fl-2"/>
      </object_component>
      <object_component id="oc-16">
         <name>.text:decompress:none</name>
         <load_address>0x720</load_address>
         <run_address>0x720</run_address>
         <size>0xe</size>
         <input_file_ref idref="fl-c1"/>
      </object_component>
      <object_component id="oc-55">
         <name>.text</name>
         <load_address>0x72e</load_address>
         <run_address>0x72e</run_address>
         <size>0x4</size>
         <input_file_ref idref="fl-c7"/>
      </object_component>
      <object_component id="oc-98">
         <name>.text</name>
         <load_address>0x732</load_address>
         <run_address>0x732</run_address>
         <size>0x2</size>
         <input_file_ref idref="fl-cd"/>
      </object_component>
      <object_component id="oc-11f">
         <name>.cinit..data.load</name>
         <load_address>0x738</load_address>
         <run_address>0x738</run_address>
         <size>0x15</size>
      </object_component>
      <object_component id="oc-11d">
         <name>__TI_handler_table</name>
         <load_address>0x750</load_address>
         <run_address>0x750</run_address>
         <size>0x8</size>
      </object_component>
      <object_component id="oc-11e">
         <name>__TI_cinit_table</name>
         <load_address>0x758</load_address>
         <run_address>0x758</run_address>
         <size>0x8</size>
      </object_component>
      <object_component id="oc-e3">
         <name>.data</name>
         <load_address>0x20000018</load_address>
         <run_address>0x20000018</run_address>
         <size>0x4</size>
         <input_file_ref idref="fl-4"/>
      </object_component>
      <object_component id="oc-a8">
         <name>.data:$O1$$</name>
         <load_address>0x20000000</load_address>
         <run_address>0x20000000</run_address>
         <size>0xc</size>
         <input_file_ref idref="fl-c3"/>
      </object_component>
      <object_component id="oc-6d">
         <name>.data</name>
         <load_address>0x20000014</load_address>
         <run_address>0x20000014</run_address>
         <size>0x4</size>
         <input_file_ref idref="fl-c8"/>
      </object_component>
      <object_component id="oc-ab">
         <name>.data:$O1$$</name>
         <load_address>0x2000000c</load_address>
         <run_address>0x2000000c</run_address>
         <size>0x8</size>
         <input_file_ref idref="fl-c9"/>
      </object_component>
      <object_component id="oc-2b">
         <name>.stack</name>
         <uninitialized>true</uninitialized>
         <run_address>0x2000fe00</run_address>
         <size>0x0</size>
         <input_file_ref idref="fl-bf"/>
      </object_component>
      <object_component id="oc-120">
         <name>.stack</name>
         <uninitialized>true</uninitialized>
         <run_address>0x2000fe00</run_address>
         <size>0x0</size>
      </object_component>
      <object_component id="oc-a1">
         <name>.debug_info</name>
         <load_address>0x0</load_address>
         <run_address>0x0</run_address>
         <size>0xe9</size>
         <input_file_ref idref="fl-2"/>
      </object_component>
      <object_component id="oc-32">
         <name>.debug_info</name>
         <load_address>0xe9</load_address>
         <run_address>0xe9</run_address>
         <size>0x84</size>
         <input_file_ref idref="fl-2"/>
      </object_component>
      <object_component id="oc-e7">
         <name>.debug_info</name>
         <load_address>0x16d</load_address>
         <run_address>0x16d</run_address>
         <size>0x18b</size>
         <input_file_ref idref="fl-2"/>
      </object_component>
      <object_component id="oc-79">
         <name>.debug_info</name>
         <load_address>0x2f8</load_address>
         <run_address>0x2f8</run_address>
         <size>0x2a8</size>
         <input_file_ref idref="fl-3"/>
      </object_component>
      <object_component id="oc-29">
         <name>.debug_info</name>
         <load_address>0x5a0</load_address>
         <run_address>0x5a0</run_address>
         <size>0xe5</size>
         <input_file_ref idref="fl-3"/>
      </object_component>
      <object_component id="oc-72">
         <name>.debug_info</name>
         <load_address>0x685</load_address>
         <run_address>0x685</run_address>
         <size>0x24c</size>
         <input_file_ref idref="fl-3"/>
      </object_component>
      <object_component id="oc-e4">
         <name>.debug_info</name>
         <load_address>0x8d1</load_address>
         <run_address>0x8d1</run_address>
         <size>0xde</size>
         <input_file_ref idref="fl-4"/>
      </object_component>
      <object_component id="oc-b4">
         <name>.debug_info</name>
         <load_address>0x9af</load_address>
         <run_address>0x9af</run_address>
         <size>0x250</size>
         <input_file_ref idref="fl-4"/>
      </object_component>
      <object_component id="oc-25">
         <name>.debug_info</name>
         <load_address>0xbff</load_address>
         <run_address>0xbff</run_address>
         <size>0x160</size>
         <input_file_ref idref="fl-bf"/>
      </object_component>
      <object_component id="oc-7f">
         <name>.debug_info</name>
         <load_address>0xd5f</load_address>
         <run_address>0xd5f</run_address>
         <size>0x293</size>
         <input_file_ref idref="fl-c0"/>
      </object_component>
      <object_component id="oc-11">
         <name>.debug_info</name>
         <load_address>0xff2</load_address>
         <run_address>0xff2</run_address>
         <size>0x245</size>
         <input_file_ref idref="fl-c0"/>
      </object_component>
      <object_component id="oc-2d">
         <name>.debug_info</name>
         <load_address>0x1237</load_address>
         <run_address>0x1237</run_address>
         <size>0x60</size>
         <input_file_ref idref="fl-c0"/>
      </object_component>
      <object_component id="oc-7a">
         <name>.debug_info</name>
         <load_address>0x1297</load_address>
         <run_address>0x1297</run_address>
         <size>0x46</size>
         <input_file_ref idref="fl-c0"/>
      </object_component>
      <object_component id="oc-42">
         <name>.debug_info</name>
         <load_address>0x12dd</load_address>
         <run_address>0x12dd</run_address>
         <size>0x2da</size>
         <input_file_ref idref="fl-c1"/>
      </object_component>
      <object_component id="oc-18">
         <name>.debug_info</name>
         <load_address>0x15b7</load_address>
         <run_address>0x15b7</run_address>
         <size>0x1df</size>
         <input_file_ref idref="fl-c1"/>
      </object_component>
      <object_component id="oc-3d">
         <name>.debug_info</name>
         <load_address>0x1796</load_address>
         <run_address>0x1796</run_address>
         <size>0x46</size>
         <input_file_ref idref="fl-c1"/>
      </object_component>
      <object_component id="oc-81">
         <name>.debug_info</name>
         <load_address>0x17dc</load_address>
         <run_address>0x17dc</run_address>
         <size>0x2c</size>
         <input_file_ref idref="fl-c1"/>
      </object_component>
      <object_component id="oc-89">
         <name>.debug_info</name>
         <load_address>0x1808</load_address>
         <run_address>0x1808</run_address>
         <size>0x2c</size>
         <input_file_ref idref="fl-c2"/>
      </object_component>
      <object_component id="oc-af">
         <name>.debug_info</name>
         <load_address>0x1834</load_address>
         <run_address>0x1834</run_address>
         <size>0x3ce</size>
         <input_file_ref idref="fl-c3"/>
      </object_component>
      <object_component id="oc-a9">
         <name>.debug_info</name>
         <load_address>0x1c02</load_address>
         <run_address>0x1c02</run_address>
         <size>0x185</size>
         <input_file_ref idref="fl-c3"/>
      </object_component>
      <object_component id="oc-6b">
         <name>.debug_info</name>
         <load_address>0x1d87</load_address>
         <run_address>0x1d87</run_address>
         <size>0x214</size>
         <input_file_ref idref="fl-c3"/>
      </object_component>
      <object_component id="oc-3a">
         <name>.debug_info</name>
         <load_address>0x1f9b</load_address>
         <run_address>0x1f9b</run_address>
         <size>0x111</size>
         <input_file_ref idref="fl-c4"/>
      </object_component>
      <object_component id="oc-52">
         <name>.debug_info</name>
         <load_address>0x20ac</load_address>
         <run_address>0x20ac</run_address>
         <size>0x138</size>
         <input_file_ref idref="fl-c6"/>
      </object_component>
      <object_component id="oc-59">
         <name>.debug_info</name>
         <load_address>0x21e4</load_address>
         <run_address>0x21e4</run_address>
         <size>0x148</size>
         <input_file_ref idref="fl-c7"/>
      </object_component>
      <object_component id="oc-6e">
         <name>.debug_info</name>
         <load_address>0x232c</load_address>
         <run_address>0x232c</run_address>
         <size>0x109</size>
         <input_file_ref idref="fl-c8"/>
      </object_component>
      <object_component id="oc-df">
         <name>.debug_info</name>
         <load_address>0x2435</load_address>
         <run_address>0x2435</run_address>
         <size>0x2be</size>
         <input_file_ref idref="fl-c9"/>
      </object_component>
      <object_component id="oc-ac">
         <name>.debug_info</name>
         <load_address>0x26f3</load_address>
         <run_address>0x26f3</run_address>
         <size>0x113</size>
         <input_file_ref idref="fl-c9"/>
      </object_component>
      <object_component id="oc-da">
         <name>.debug_info</name>
         <load_address>0x2806</load_address>
         <run_address>0x2806</run_address>
         <size>0x21f</size>
         <input_file_ref idref="fl-c9"/>
      </object_component>
      <object_component id="oc-a7">
         <name>.debug_info</name>
         <load_address>0x2a25</load_address>
         <run_address>0x2a25</run_address>
         <size>0x300</size>
         <input_file_ref idref="fl-ca"/>
      </object_component>
      <object_component id="oc-62">
         <name>.debug_info</name>
         <load_address>0x2d25</load_address>
         <run_address>0x2d25</run_address>
         <size>0x167</size>
         <input_file_ref idref="fl-ca"/>
      </object_component>
      <object_component id="oc-d0">
         <name>.debug_info</name>
         <load_address>0x2e8c</load_address>
         <run_address>0x2e8c</run_address>
         <size>0x5e</size>
         <input_file_ref idref="fl-ca"/>
      </object_component>
      <object_component id="oc-9f">
         <name>.debug_info</name>
         <load_address>0x2eea</load_address>
         <run_address>0x2eea</run_address>
         <size>0x483</size>
         <input_file_ref idref="fl-cb"/>
      </object_component>
      <object_component id="oc-5c">
         <name>.debug_info</name>
         <load_address>0x336d</load_address>
         <run_address>0x336d</run_address>
         <size>0x190</size>
         <input_file_ref idref="fl-cb"/>
      </object_component>
      <object_component id="oc-c3">
         <name>.debug_info</name>
         <load_address>0x34fd</load_address>
         <run_address>0x34fd</run_address>
         <size>0x39</size>
         <input_file_ref idref="fl-cb"/>
      </object_component>
      <object_component id="oc-f3">
         <name>.debug_info</name>
         <load_address>0x3536</load_address>
         <run_address>0x3536</run_address>
         <size>0x39</size>
         <input_file_ref idref="fl-cb"/>
      </object_component>
      <object_component id="oc-c8">
         <name>.debug_info</name>
         <load_address>0x356f</load_address>
         <run_address>0x356f</run_address>
         <size>0xcd</size>
         <input_file_ref idref="fl-cb"/>
      </object_component>
      <object_component id="oc-bf">
         <name>.debug_info</name>
         <load_address>0x363c</load_address>
         <run_address>0x363c</run_address>
         <size>0x37a</size>
         <input_file_ref idref="fl-cc"/>
      </object_component>
      <object_component id="oc-95">
         <name>.debug_info</name>
         <load_address>0x39b6</load_address>
         <run_address>0x39b6</run_address>
         <size>0x183</size>
         <input_file_ref idref="fl-cc"/>
      </object_component>
      <object_component id="oc-ee">
         <name>.debug_info</name>
         <load_address>0x3b39</load_address>
         <run_address>0x3b39</run_address>
         <size>0x2c</size>
         <input_file_ref idref="fl-cc"/>
      </object_component>
      <object_component id="oc-9b">
         <name>.debug_info</name>
         <load_address>0x3b65</load_address>
         <run_address>0x3b65</run_address>
         <size>0x145</size>
         <input_file_ref idref="fl-cd"/>
      </object_component>
      <object_component id="oc-121">
         <name>.debug_info</name>
         <load_address>0x3caa</load_address>
         <run_address>0x3caa</run_address>
         <size>0x94</size>
      </object_component>
      <object_component id="oc-a4">
         <name>.debug_line</name>
         <load_address>0x0</load_address>
         <run_address>0x0</run_address>
         <size>0x42</size>
         <input_file_ref idref="fl-2"/>
      </object_component>
      <object_component id="oc-35">
         <name>.debug_line</name>
         <load_address>0x42</load_address>
         <run_address>0x42</run_address>
         <size>0x20</size>
         <input_file_ref idref="fl-2"/>
      </object_component>
      <object_component id="oc-ea">
         <name>.debug_line</name>
         <load_address>0x62</load_address>
         <run_address>0x62</run_address>
         <size>0x65</size>
         <input_file_ref idref="fl-2"/>
      </object_component>
      <object_component id="oc-bb">
         <name>.debug_line</name>
         <load_address>0xc7</load_address>
         <run_address>0xc7</run_address>
         <size>0x40</size>
         <input_file_ref idref="fl-3"/>
      </object_component>
      <object_component id="oc-78">
         <name>.debug_line</name>
         <load_address>0x107</load_address>
         <run_address>0x107</run_address>
         <size>0x40</size>
         <input_file_ref idref="fl-3"/>
      </object_component>
      <object_component id="oc-75">
         <name>.debug_line</name>
         <load_address>0x147</load_address>
         <run_address>0x147</run_address>
         <size>0xa1</size>
         <input_file_ref idref="fl-3"/>
      </object_component>
      <object_component id="oc-fc">
         <name>.debug_line</name>
         <load_address>0x1e8</load_address>
         <run_address>0x1e8</run_address>
         <size>0x3b</size>
         <input_file_ref idref="fl-4"/>
      </object_component>
      <object_component id="oc-b7">
         <name>.debug_line</name>
         <load_address>0x223</load_address>
         <run_address>0x223</run_address>
         <size>0x146</size>
         <input_file_ref idref="fl-4"/>
      </object_component>
      <object_component id="oc-23">
         <name>.debug_line</name>
         <load_address>0x369</load_address>
         <run_address>0x369</run_address>
         <size>0x53</size>
         <input_file_ref idref="fl-bf"/>
      </object_component>
      <object_component id="oc-bd">
         <name>.debug_line</name>
         <load_address>0x3bc</load_address>
         <run_address>0x3bc</run_address>
         <size>0x20</size>
         <input_file_ref idref="fl-c0"/>
      </object_component>
      <object_component id="oc-14">
         <name>.debug_line</name>
         <load_address>0x3dc</load_address>
         <run_address>0x3dc</run_address>
         <size>0xa9</size>
         <input_file_ref idref="fl-c0"/>
      </object_component>
      <object_component id="oc-30">
         <name>.debug_line</name>
         <load_address>0x485</load_address>
         <run_address>0x485</run_address>
         <size>0x3a</size>
         <input_file_ref idref="fl-c0"/>
      </object_component>
      <object_component id="oc-7d">
         <name>.debug_line</name>
         <load_address>0x4bf</load_address>
         <run_address>0x4bf</run_address>
         <size>0x8a</size>
         <input_file_ref idref="fl-c0"/>
      </object_component>
      <object_component id="oc-87">
         <name>.debug_line</name>
         <load_address>0x549</load_address>
         <run_address>0x549</run_address>
         <size>0x8a</size>
         <input_file_ref idref="fl-c1"/>
      </object_component>
      <object_component id="oc-1b">
         <name>.debug_line</name>
         <load_address>0x5d3</load_address>
         <run_address>0x5d3</run_address>
         <size>0x55</size>
         <input_file_ref idref="fl-c1"/>
      </object_component>
      <object_component id="oc-40">
         <name>.debug_line</name>
         <load_address>0x628</load_address>
         <run_address>0x628</run_address>
         <size>0x3a</size>
         <input_file_ref idref="fl-c1"/>
      </object_component>
      <object_component id="oc-84">
         <name>.debug_line</name>
         <load_address>0x662</load_address>
         <run_address>0x662</run_address>
         <size>0x8a</size>
         <input_file_ref idref="fl-c1"/>
      </object_component>
      <object_component id="oc-8c">
         <name>.debug_line</name>
         <load_address>0x6ec</load_address>
         <run_address>0x6ec</run_address>
         <size>0x8a</size>
         <input_file_ref idref="fl-c2"/>
      </object_component>
      <object_component id="oc-e2">
         <name>.debug_line</name>
         <load_address>0x776</load_address>
         <run_address>0x776</run_address>
         <size>0xf2</size>
         <input_file_ref idref="fl-c3"/>
      </object_component>
      <object_component id="oc-d6">
         <name>.debug_line</name>
         <load_address>0x868</load_address>
         <run_address>0x868</run_address>
         <size>0x2a</size>
         <input_file_ref idref="fl-c3"/>
      </object_component>
      <object_component id="oc-6a">
         <name>.debug_line</name>
         <load_address>0x892</load_address>
         <run_address>0x892</run_address>
         <size>0x86</size>
         <input_file_ref idref="fl-c3"/>
      </object_component>
      <object_component id="oc-39">
         <name>.debug_line</name>
         <load_address>0x918</load_address>
         <run_address>0x918</run_address>
         <size>0x88</size>
         <input_file_ref idref="fl-c4"/>
      </object_component>
      <object_component id="oc-54">
         <name>.debug_line</name>
         <load_address>0x9a0</load_address>
         <run_address>0x9a0</run_address>
         <size>0x3d</size>
         <input_file_ref idref="fl-c6"/>
      </object_component>
      <object_component id="oc-58">
         <name>.debug_line</name>
         <load_address>0x9dd</load_address>
         <run_address>0x9dd</run_address>
         <size>0x40</size>
         <input_file_ref idref="fl-c7"/>
      </object_component>
      <object_component id="oc-b2">
         <name>.debug_line</name>
         <load_address>0xa1d</load_address>
         <run_address>0xa1d</run_address>
         <size>0x33</size>
         <input_file_ref idref="fl-c8"/>
      </object_component>
      <object_component id="oc-fa">
         <name>.debug_line</name>
         <load_address>0xa50</load_address>
         <run_address>0xa50</run_address>
         <size>0x20</size>
         <input_file_ref idref="fl-c9"/>
      </object_component>
      <object_component id="oc-de">
         <name>.debug_line</name>
         <load_address>0xa70</load_address>
         <run_address>0xa70</run_address>
         <size>0x2b</size>
         <input_file_ref idref="fl-c9"/>
      </object_component>
      <object_component id="oc-d8">
         <name>.debug_line</name>
         <load_address>0xa9b</load_address>
         <run_address>0xa9b</run_address>
         <size>0x68</size>
         <input_file_ref idref="fl-c9"/>
      </object_component>
      <object_component id="oc-cf">
         <name>.debug_line</name>
         <load_address>0xb03</load_address>
         <run_address>0xb03</run_address>
         <size>0x2b</size>
         <input_file_ref idref="fl-ca"/>
      </object_component>
      <object_component id="oc-65">
         <name>.debug_line</name>
         <load_address>0xb2e</load_address>
         <run_address>0xb2e</run_address>
         <size>0x4a</size>
         <input_file_ref idref="fl-ca"/>
      </object_component>
      <object_component id="oc-d3">
         <name>.debug_line</name>
         <load_address>0xb78</load_address>
         <run_address>0xb78</run_address>
         <size>0x2b</size>
         <input_file_ref idref="fl-ca"/>
      </object_component>
      <object_component id="oc-c2">
         <name>.debug_line</name>
         <load_address>0xba3</load_address>
         <run_address>0xba3</run_address>
         <size>0xa9</size>
         <input_file_ref idref="fl-cb"/>
      </object_component>
      <object_component id="oc-60">
         <name>.debug_line</name>
         <load_address>0xc4c</load_address>
         <run_address>0xc4c</run_address>
         <size>0x8b</size>
         <input_file_ref idref="fl-cb"/>
      </object_component>
      <object_component id="oc-c6">
         <name>.debug_line</name>
         <load_address>0xcd7</load_address>
         <run_address>0xcd7</run_address>
         <size>0x2e</size>
         <input_file_ref idref="fl-cb"/>
      </object_component>
      <object_component id="oc-f6">
         <name>.debug_line</name>
         <load_address>0xd05</load_address>
         <run_address>0xd05</run_address>
         <size>0x8a</size>
         <input_file_ref idref="fl-cb"/>
      </object_component>
      <object_component id="oc-cb">
         <name>.debug_line</name>
         <load_address>0xd8f</load_address>
         <run_address>0xd8f</run_address>
         <size>0x8b</size>
         <input_file_ref idref="fl-cb"/>
      </object_component>
      <object_component id="oc-ed">
         <name>.debug_line</name>
         <load_address>0xe1a</load_address>
         <run_address>0xe1a</run_address>
         <size>0x98</size>
         <input_file_ref idref="fl-cc"/>
      </object_component>
      <object_component id="oc-97">
         <name>.debug_line</name>
         <load_address>0xeb2</load_address>
         <run_address>0xeb2</run_address>
         <size>0x68</size>
         <input_file_ref idref="fl-cc"/>
      </object_component>
      <object_component id="oc-f1">
         <name>.debug_line</name>
         <load_address>0xf1a</load_address>
         <run_address>0xf1a</run_address>
         <size>0x2e</size>
         <input_file_ref idref="fl-cc"/>
      </object_component>
      <object_component id="oc-9a">
         <name>.debug_line</name>
         <load_address>0xf48</load_address>
         <run_address>0xf48</run_address>
         <size>0x3c</size>
         <input_file_ref idref="fl-cd"/>
      </object_component>
      <object_component id="oc-a5">
         <name>.debug_frame</name>
         <load_address>0x0</load_address>
         <run_address>0x0</run_address>
         <size>0x58</size>
         <input_file_ref idref="fl-2"/>
      </object_component>
      <object_component id="oc-76">
         <name>.debug_frame</name>
         <load_address>0x58</load_address>
         <run_address>0x58</run_address>
         <size>0x8b</size>
         <input_file_ref idref="fl-3"/>
      </object_component>
      <object_component id="oc-b8">
         <name>.debug_frame</name>
         <load_address>0xe3</load_address>
         <run_address>0xe3</run_address>
         <size>0x6a</size>
         <input_file_ref idref="fl-4"/>
      </object_component>
      <object_component id="oc-15">
         <name>.debug_frame</name>
         <load_address>0x14d</load_address>
         <run_address>0x14d</run_address>
         <size>0x60</size>
         <input_file_ref idref="fl-c0"/>
      </object_component>
      <object_component id="oc-17">
         <name>.debug_frame</name>
         <load_address>0x1ad</load_address>
         <run_address>0x1ad</run_address>
         <size>0x51</size>
         <input_file_ref idref="fl-c1"/>
      </object_component>
      <object_component id="oc-69">
         <name>.debug_frame</name>
         <load_address>0x1fe</load_address>
         <run_address>0x1fe</run_address>
         <size>0x85</size>
         <input_file_ref idref="fl-c3"/>
      </object_component>
      <object_component id="oc-50">
         <name>.debug_frame</name>
         <load_address>0x283</load_address>
         <run_address>0x283</run_address>
         <size>0x51</size>
         <input_file_ref idref="fl-c6"/>
      </object_component>
      <object_component id="oc-57">
         <name>.debug_frame</name>
         <load_address>0x2d4</load_address>
         <run_address>0x2d4</run_address>
         <size>0x51</size>
         <input_file_ref idref="fl-c7"/>
      </object_component>
      <object_component id="oc-d9">
         <name>.debug_frame</name>
         <load_address>0x325</load_address>
         <run_address>0x325</run_address>
         <size>0x73</size>
         <input_file_ref idref="fl-c9"/>
      </object_component>
      <object_component id="oc-66">
         <name>.debug_frame</name>
         <load_address>0x398</load_address>
         <run_address>0x398</run_address>
         <size>0x51</size>
         <input_file_ref idref="fl-ca"/>
      </object_component>
      <object_component id="oc-5f">
         <name>.debug_frame</name>
         <load_address>0x3e9</load_address>
         <run_address>0x3e9</run_address>
         <size>0x5c</size>
         <input_file_ref idref="fl-cb"/>
      </object_component>
      <object_component id="oc-93">
         <name>.debug_frame</name>
         <load_address>0x445</load_address>
         <run_address>0x445</run_address>
         <size>0x60</size>
         <input_file_ref idref="fl-cc"/>
      </object_component>
      <object_component id="oc-9d">
         <name>.debug_frame</name>
         <load_address>0x4a5</load_address>
         <run_address>0x4a5</run_address>
         <size>0x51</size>
         <input_file_ref idref="fl-cd"/>
      </object_component>
      <object_component id="oc-cd">
         <name>.debug_abbrev</name>
         <load_address>0x0</load_address>
         <run_address>0x0</run_address>
         <size>0x55</size>
         <input_file_ref idref="fl-2"/>
      </object_component>
      <object_component id="oc-34">
         <name>.debug_abbrev</name>
         <load_address>0x55</load_address>
         <run_address>0x55</run_address>
         <size>0x1f</size>
         <input_file_ref idref="fl-2"/>
      </object_component>
      <object_component id="oc-e9">
         <name>.debug_abbrev</name>
         <load_address>0x74</load_address>
         <run_address>0x74</run_address>
         <size>0x35</size>
         <input_file_ref idref="fl-2"/>
      </object_component>
      <object_component id="oc-ba">
         <name>.debug_abbrev</name>
         <load_address>0xa9</load_address>
         <run_address>0xa9</run_address>
         <size>0x73</size>
         <input_file_ref idref="fl-3"/>
      </object_component>
      <object_component id="oc-77">
         <name>.debug_abbrev</name>
         <load_address>0x11c</load_address>
         <run_address>0x11c</run_address>
         <size>0x29</size>
         <input_file_ref idref="fl-3"/>
      </object_component>
      <object_component id="oc-b9">
         <name>.debug_abbrev</name>
         <load_address>0x145</load_address>
         <run_address>0x145</run_address>
         <size>0x85</size>
         <input_file_ref idref="fl-3"/>
      </object_component>
      <object_component id="oc-fb">
         <name>.debug_abbrev</name>
         <load_address>0x1ca</load_address>
         <run_address>0x1ca</run_address>
         <size>0x29</size>
         <input_file_ref idref="fl-4"/>
      </object_component>
      <object_component id="oc-e6">
         <name>.debug_abbrev</name>
         <load_address>0x1f3</load_address>
         <run_address>0x1f3</run_address>
         <size>0x8b</size>
         <input_file_ref idref="fl-4"/>
      </object_component>
      <object_component id="oc-70">
         <name>.debug_abbrev</name>
         <load_address>0x27e</load_address>
         <run_address>0x27e</run_address>
         <size>0x3e</size>
         <input_file_ref idref="fl-bf"/>
      </object_component>
      <object_component id="oc-bc">
         <name>.debug_abbrev</name>
         <load_address>0x2bc</load_address>
         <run_address>0x2bc</run_address>
         <size>0x37</size>
         <input_file_ref idref="fl-c0"/>
      </object_component>
      <object_component id="oc-2c">
         <name>.debug_abbrev</name>
         <load_address>0x2f3</load_address>
         <run_address>0x2f3</run_address>
         <size>0x6f</size>
         <input_file_ref idref="fl-c0"/>
      </object_component>
      <object_component id="oc-2f">
         <name>.debug_abbrev</name>
         <load_address>0x362</load_address>
         <run_address>0x362</run_address>
         <size>0x24</size>
         <input_file_ref idref="fl-c0"/>
      </object_component>
      <object_component id="oc-7c">
         <name>.debug_abbrev</name>
         <load_address>0x386</load_address>
         <run_address>0x386</run_address>
         <size>0x35</size>
         <input_file_ref idref="fl-c0"/>
      </object_component>
      <object_component id="oc-86">
         <name>.debug_abbrev</name>
         <load_address>0x3bb</load_address>
         <run_address>0x3bb</run_address>
         <size>0x5d</size>
         <input_file_ref idref="fl-c1"/>
      </object_component>
      <object_component id="oc-3c">
         <name>.debug_abbrev</name>
         <load_address>0x418</load_address>
         <run_address>0x418</run_address>
         <size>0x74</size>
         <input_file_ref idref="fl-c1"/>
      </object_component>
      <object_component id="oc-3f">
         <name>.debug_abbrev</name>
         <load_address>0x48c</load_address>
         <run_address>0x48c</run_address>
         <size>0x24</size>
         <input_file_ref idref="fl-c1"/>
      </object_component>
      <object_component id="oc-83">
         <name>.debug_abbrev</name>
         <load_address>0x4b0</load_address>
         <run_address>0x4b0</run_address>
         <size>0x24</size>
         <input_file_ref idref="fl-c1"/>
      </object_component>
      <object_component id="oc-8b">
         <name>.debug_abbrev</name>
         <load_address>0x4d4</load_address>
         <run_address>0x4d4</run_address>
         <size>0x24</size>
         <input_file_ref idref="fl-c2"/>
      </object_component>
      <object_component id="oc-e1">
         <name>.debug_abbrev</name>
         <load_address>0x4f8</load_address>
         <run_address>0x4f8</run_address>
         <size>0xb3</size>
         <input_file_ref idref="fl-c3"/>
      </object_component>
      <object_component id="oc-d5">
         <name>.debug_abbrev</name>
         <load_address>0x5ab</load_address>
         <run_address>0x5ab</run_address>
         <size>0x29</size>
         <input_file_ref idref="fl-c3"/>
      </object_component>
      <object_component id="oc-ae">
         <name>.debug_abbrev</name>
         <load_address>0x5d4</load_address>
         <run_address>0x5d4</run_address>
         <size>0xba</size>
         <input_file_ref idref="fl-c3"/>
      </object_component>
      <object_component id="oc-80">
         <name>.debug_abbrev</name>
         <load_address>0x68e</load_address>
         <run_address>0x68e</run_address>
         <size>0x3e</size>
         <input_file_ref idref="fl-c4"/>
      </object_component>
      <object_component id="oc-90">
         <name>.debug_abbrev</name>
         <load_address>0x6cc</load_address>
         <run_address>0x6cc</run_address>
         <size>0x53</size>
         <input_file_ref idref="fl-c6"/>
      </object_component>
      <object_component id="oc-91">
         <name>.debug_abbrev</name>
         <load_address>0x71f</load_address>
         <run_address>0x71f</run_address>
         <size>0x55</size>
         <input_file_ref idref="fl-c7"/>
      </object_component>
      <object_component id="oc-b1">
         <name>.debug_abbrev</name>
         <load_address>0x774</load_address>
         <run_address>0x774</run_address>
         <size>0x27</size>
         <input_file_ref idref="fl-c8"/>
      </object_component>
      <object_component id="oc-f9">
         <name>.debug_abbrev</name>
         <load_address>0x79b</load_address>
         <run_address>0x79b</run_address>
         <size>0x50</size>
         <input_file_ref idref="fl-c9"/>
      </object_component>
      <object_component id="oc-dd">
         <name>.debug_abbrev</name>
         <load_address>0x7eb</load_address>
         <run_address>0x7eb</run_address>
         <size>0x29</size>
         <input_file_ref idref="fl-c9"/>
      </object_component>
      <object_component id="oc-f8">
         <name>.debug_abbrev</name>
         <load_address>0x814</load_address>
         <run_address>0x814</run_address>
         <size>0x6f</size>
         <input_file_ref idref="fl-c9"/>
      </object_component>
      <object_component id="oc-ce">
         <name>.debug_abbrev</name>
         <load_address>0x883</load_address>
         <run_address>0x883</run_address>
         <size>0x99</size>
         <input_file_ref idref="fl-ca"/>
      </object_component>
      <object_component id="oc-a6">
         <name>.debug_abbrev</name>
         <load_address>0x91c</load_address>
         <run_address>0x91c</run_address>
         <size>0x68</size>
         <input_file_ref idref="fl-ca"/>
      </object_component>
      <object_component id="oc-d2">
         <name>.debug_abbrev</name>
         <load_address>0x984</load_address>
         <run_address>0x984</run_address>
         <size>0x49</size>
         <input_file_ref idref="fl-ca"/>
      </object_component>
      <object_component id="oc-c1">
         <name>.debug_abbrev</name>
         <load_address>0x9cd</load_address>
         <run_address>0x9cd</run_address>
         <size>0xb9</size>
         <input_file_ref idref="fl-cb"/>
      </object_component>
      <object_component id="oc-9e">
         <name>.debug_abbrev</name>
         <load_address>0xa86</load_address>
         <run_address>0xa86</run_address>
         <size>0x7e</size>
         <input_file_ref idref="fl-cb"/>
      </object_component>
      <object_component id="oc-c5">
         <name>.debug_abbrev</name>
         <load_address>0xb04</load_address>
         <run_address>0xb04</run_address>
         <size>0x24</size>
         <input_file_ref idref="fl-cb"/>
      </object_component>
      <object_component id="oc-f5">
         <name>.debug_abbrev</name>
         <load_address>0xb28</load_address>
         <run_address>0xb28</run_address>
         <size>0x24</size>
         <input_file_ref idref="fl-cb"/>
      </object_component>
      <object_component id="oc-ca">
         <name>.debug_abbrev</name>
         <load_address>0xb4c</load_address>
         <run_address>0xb4c</run_address>
         <size>0x4b</size>
         <input_file_ref idref="fl-cb"/>
      </object_component>
      <object_component id="oc-ec">
         <name>.debug_abbrev</name>
         <load_address>0xb97</load_address>
         <run_address>0xb97</run_address>
         <size>0xa7</size>
         <input_file_ref idref="fl-cc"/>
      </object_component>
      <object_component id="oc-be">
         <name>.debug_abbrev</name>
         <load_address>0xc3e</load_address>
         <run_address>0xc3e</run_address>
         <size>0x8c</size>
         <input_file_ref idref="fl-cc"/>
      </object_component>
      <object_component id="oc-f0">
         <name>.debug_abbrev</name>
         <load_address>0xcca</load_address>
         <run_address>0xcca</run_address>
         <size>0x24</size>
         <input_file_ref idref="fl-cc"/>
      </object_component>
      <object_component id="oc-c0">
         <name>.debug_abbrev</name>
         <load_address>0xcee</load_address>
         <run_address>0xcee</run_address>
         <size>0x53</size>
         <input_file_ref idref="fl-cd"/>
      </object_component>
      <object_component id="oc-122">
         <name>.debug_abbrev</name>
         <load_address>0xd41</load_address>
         <run_address>0xd41</run_address>
         <size>0xf</size>
      </object_component>
      <object_component id="oc-36">
         <name>.debug_str</name>
         <load_address>0x0</load_address>
         <run_address>0x0</run_address>
         <size>0xfa</size>
         <input_file_ref idref="fl-2"/>
      </object_component>
      <object_component id="oc-eb">
         <name>.debug_str</name>
         <load_address>0xfa</load_address>
         <run_address>0xfa</run_address>
         <size>0x20b</size>
         <input_file_ref idref="fl-2"/>
      </object_component>
      <object_component id="oc-31">
         <name>.debug_str</name>
         <load_address>0x305</load_address>
         <run_address>0x305</run_address>
         <size>0x10d</size>
         <input_file_ref idref="fl-c0"/>
      </object_component>
      <object_component id="oc-7e">
         <name>.debug_str</name>
         <load_address>0x412</load_address>
         <run_address>0x412</run_address>
         <size>0x14a</size>
         <input_file_ref idref="fl-c0"/>
      </object_component>
      <object_component id="oc-41">
         <name>.debug_str</name>
         <load_address>0x55c</load_address>
         <run_address>0x55c</run_address>
         <size>0x100</size>
         <input_file_ref idref="fl-c1"/>
      </object_component>
      <object_component id="oc-85">
         <name>.debug_str</name>
         <load_address>0x65c</load_address>
         <run_address>0x65c</run_address>
         <size>0x12d</size>
         <input_file_ref idref="fl-c1"/>
      </object_component>
      <object_component id="oc-8d">
         <name>.debug_str</name>
         <load_address>0x789</load_address>
         <run_address>0x789</run_address>
         <size>0x12d</size>
         <input_file_ref idref="fl-c2"/>
      </object_component>
      <object_component id="oc-d4">
         <name>.debug_str</name>
         <load_address>0x8b6</load_address>
         <run_address>0x8b6</run_address>
         <size>0xd6</size>
         <input_file_ref idref="fl-ca"/>
      </object_component>
      <object_component id="oc-c7">
         <name>.debug_str</name>
         <load_address>0x98c</load_address>
         <run_address>0x98c</run_address>
         <size>0xe2</size>
         <input_file_ref idref="fl-cb"/>
      </object_component>
      <object_component id="oc-f7">
         <name>.debug_str</name>
         <load_address>0xa6e</load_address>
         <run_address>0xa6e</run_address>
         <size>0x138</size>
         <input_file_ref idref="fl-cb"/>
      </object_component>
      <object_component id="oc-cc">
         <name>.debug_str</name>
         <load_address>0xba6</load_address>
         <run_address>0xba6</run_address>
         <size>0x184</size>
         <input_file_ref idref="fl-cb"/>
      </object_component>
      <object_component id="oc-f2">
         <name>.debug_str</name>
         <load_address>0xd2a</load_address>
         <run_address>0xd2a</run_address>
         <size>0xd7</size>
         <input_file_ref idref="fl-cc"/>
      </object_component>
      <object_component id="oc-a3">
         <name>.debug_aranges</name>
         <load_address>0x0</load_address>
         <run_address>0x0</run_address>
         <size>0x20</size>
         <input_file_ref idref="fl-2"/>
      </object_component>
      <object_component id="oc-74">
         <name>.debug_aranges</name>
         <load_address>0x20</load_address>
         <run_address>0x20</run_address>
         <size>0x38</size>
         <input_file_ref idref="fl-3"/>
      </object_component>
      <object_component id="oc-b5">
         <name>.debug_aranges</name>
         <load_address>0x58</load_address>
         <run_address>0x58</run_address>
         <size>0x28</size>
         <input_file_ref idref="fl-4"/>
      </object_component>
      <object_component id="oc-24">
         <name>.debug_aranges</name>
         <load_address>0x80</load_address>
         <run_address>0x80</run_address>
         <size>0x20</size>
         <input_file_ref idref="fl-bf"/>
      </object_component>
      <object_component id="oc-12">
         <name>.debug_aranges</name>
         <load_address>0xa0</load_address>
         <run_address>0xa0</run_address>
         <size>0x20</size>
         <input_file_ref idref="fl-c0"/>
      </object_component>
      <object_component id="oc-1a">
         <name>.debug_aranges</name>
         <load_address>0xc0</load_address>
         <run_address>0xc0</run_address>
         <size>0x20</size>
         <input_file_ref idref="fl-c1"/>
      </object_component>
      <object_component id="oc-68">
         <name>.debug_aranges</name>
         <load_address>0xe0</load_address>
         <run_address>0xe0</run_address>
         <size>0x30</size>
         <input_file_ref idref="fl-c3"/>
      </object_component>
      <object_component id="oc-38">
         <name>.debug_aranges</name>
         <load_address>0x110</load_address>
         <run_address>0x110</run_address>
         <size>0x20</size>
         <input_file_ref idref="fl-c4"/>
      </object_component>
      <object_component id="oc-51">
         <name>.debug_aranges</name>
         <load_address>0x130</load_address>
         <run_address>0x130</run_address>
         <size>0x20</size>
         <input_file_ref idref="fl-c6"/>
      </object_component>
      <object_component id="oc-56">
         <name>.debug_aranges</name>
         <load_address>0x150</load_address>
         <run_address>0x150</run_address>
         <size>0x20</size>
         <input_file_ref idref="fl-c7"/>
      </object_component>
      <object_component id="oc-dc">
         <name>.debug_aranges</name>
         <load_address>0x170</load_address>
         <run_address>0x170</run_address>
         <size>0x30</size>
         <input_file_ref idref="fl-c9"/>
      </object_component>
      <object_component id="oc-64">
         <name>.debug_aranges</name>
         <load_address>0x1a0</load_address>
         <run_address>0x1a0</run_address>
         <size>0x20</size>
         <input_file_ref idref="fl-ca"/>
      </object_component>
      <object_component id="oc-5e">
         <name>.debug_aranges</name>
         <load_address>0x1c0</load_address>
         <run_address>0x1c0</run_address>
         <size>0x20</size>
         <input_file_ref idref="fl-cb"/>
      </object_component>
      <object_component id="oc-94">
         <name>.debug_aranges</name>
         <load_address>0x1e0</load_address>
         <run_address>0x1e0</run_address>
         <size>0x20</size>
         <input_file_ref idref="fl-cc"/>
      </object_component>
      <object_component id="oc-99">
         <name>.debug_aranges</name>
         <load_address>0x200</load_address>
         <run_address>0x200</run_address>
         <size>0x20</size>
         <input_file_ref idref="fl-cd"/>
      </object_component>
      <object_component id="oc-a2">
         <name>.debug_pubnames</name>
         <load_address>0x0</load_address>
         <run_address>0x0</run_address>
         <size>0x1b</size>
         <input_file_ref idref="fl-2"/>
      </object_component>
      <object_component id="oc-2a">
         <name>.debug_pubnames</name>
         <load_address>0x1b</load_address>
         <run_address>0x1b</run_address>
         <size>0x27</size>
         <input_file_ref idref="fl-3"/>
      </object_component>
      <object_component id="oc-73">
         <name>.debug_pubnames</name>
         <load_address>0x42</load_address>
         <run_address>0x42</run_address>
         <size>0x46</size>
         <input_file_ref idref="fl-3"/>
      </object_component>
      <object_component id="oc-e5">
         <name>.debug_pubnames</name>
         <load_address>0x88</load_address>
         <run_address>0x88</run_address>
         <size>0x26</size>
         <input_file_ref idref="fl-4"/>
      </object_component>
      <object_component id="oc-b6">
         <name>.debug_pubnames</name>
         <load_address>0xae</load_address>
         <run_address>0xae</run_address>
         <size>0x3b</size>
         <input_file_ref idref="fl-4"/>
      </object_component>
      <object_component id="oc-26">
         <name>.debug_pubnames</name>
         <load_address>0xe9</load_address>
         <run_address>0xe9</run_address>
         <size>0x1f</size>
         <input_file_ref idref="fl-bf"/>
      </object_component>
      <object_component id="oc-13">
         <name>.debug_pubnames</name>
         <load_address>0x108</load_address>
         <run_address>0x108</run_address>
         <size>0x2b</size>
         <input_file_ref idref="fl-c0"/>
      </object_component>
      <object_component id="oc-19">
         <name>.debug_pubnames</name>
         <load_address>0x133</load_address>
         <run_address>0x133</run_address>
         <size>0x2b</size>
         <input_file_ref idref="fl-c1"/>
      </object_component>
      <object_component id="oc-aa">
         <name>.debug_pubnames</name>
         <load_address>0x15e</load_address>
         <run_address>0x15e</run_address>
         <size>0x5e</size>
         <input_file_ref idref="fl-c3"/>
      </object_component>
      <object_component id="oc-6c">
         <name>.debug_pubnames</name>
         <load_address>0x1bc</load_address>
         <run_address>0x1bc</run_address>
         <size>0x35</size>
         <input_file_ref idref="fl-c3"/>
      </object_component>
      <object_component id="oc-3b">
         <name>.debug_pubnames</name>
         <load_address>0x1f1</load_address>
         <run_address>0x1f1</run_address>
         <size>0x1d</size>
         <input_file_ref idref="fl-c4"/>
      </object_component>
      <object_component id="oc-53">
         <name>.debug_pubnames</name>
         <load_address>0x20e</load_address>
         <run_address>0x20e</run_address>
         <size>0x21</size>
         <input_file_ref idref="fl-c6"/>
      </object_component>
      <object_component id="oc-5a">
         <name>.debug_pubnames</name>
         <load_address>0x22f</load_address>
         <run_address>0x22f</run_address>
         <size>0x27</size>
         <input_file_ref idref="fl-c7"/>
      </object_component>
      <object_component id="oc-6f">
         <name>.debug_pubnames</name>
         <load_address>0x256</load_address>
         <run_address>0x256</run_address>
         <size>0x23</size>
         <input_file_ref idref="fl-c8"/>
      </object_component>
      <object_component id="oc-ad">
         <name>.debug_pubnames</name>
         <load_address>0x279</load_address>
         <run_address>0x279</run_address>
         <size>0x28</size>
         <input_file_ref idref="fl-c9"/>
      </object_component>
      <object_component id="oc-db">
         <name>.debug_pubnames</name>
         <load_address>0x2a1</load_address>
         <run_address>0x2a1</run_address>
         <size>0x43</size>
         <input_file_ref idref="fl-c9"/>
      </object_component>
      <object_component id="oc-63">
         <name>.debug_pubnames</name>
         <load_address>0x2e4</load_address>
         <run_address>0x2e4</run_address>
         <size>0x21</size>
         <input_file_ref idref="fl-ca"/>
      </object_component>
      <object_component id="oc-5d">
         <name>.debug_pubnames</name>
         <load_address>0x305</load_address>
         <run_address>0x305</run_address>
         <size>0x25</size>
         <input_file_ref idref="fl-cb"/>
      </object_component>
      <object_component id="oc-96">
         <name>.debug_pubnames</name>
         <load_address>0x32a</load_address>
         <run_address>0x32a</run_address>
         <size>0x1e</size>
         <input_file_ref idref="fl-cc"/>
      </object_component>
      <object_component id="oc-9c">
         <name>.debug_pubnames</name>
         <load_address>0x348</load_address>
         <run_address>0x348</run_address>
         <size>0x29</size>
         <input_file_ref idref="fl-cd"/>
      </object_component>
      <object_component id="oc-33">
         <name>.debug_pubtypes</name>
         <load_address>0x0</load_address>
         <run_address>0x0</run_address>
         <size>0xed</size>
         <input_file_ref idref="fl-2"/>
      </object_component>
      <object_component id="oc-e8">
         <name>.debug_pubtypes</name>
         <load_address>0xed</load_address>
         <run_address>0xed</run_address>
         <size>0x1c6</size>
         <input_file_ref idref="fl-2"/>
      </object_component>
      <object_component id="oc-2e">
         <name>.debug_pubtypes</name>
         <load_address>0x2b3</load_address>
         <run_address>0x2b3</run_address>
         <size>0x5d</size>
         <input_file_ref idref="fl-c0"/>
      </object_component>
      <object_component id="oc-7b">
         <name>.debug_pubtypes</name>
         <load_address>0x310</load_address>
         <run_address>0x310</run_address>
         <size>0x42</size>
         <input_file_ref idref="fl-c0"/>
      </object_component>
      <object_component id="oc-3e">
         <name>.debug_pubtypes</name>
         <load_address>0x352</load_address>
         <run_address>0x352</run_address>
         <size>0x48</size>
         <input_file_ref idref="fl-c1"/>
      </object_component>
      <object_component id="oc-82">
         <name>.debug_pubtypes</name>
         <load_address>0x39a</load_address>
         <run_address>0x39a</run_address>
         <size>0x1d</size>
         <input_file_ref idref="fl-c1"/>
      </object_component>
      <object_component id="oc-8a">
         <name>.debug_pubtypes</name>
         <load_address>0x3b7</load_address>
         <run_address>0x3b7</run_address>
         <size>0x1d</size>
         <input_file_ref idref="fl-c2"/>
      </object_component>
      <object_component id="oc-b0">
         <name>.debug_pubtypes</name>
         <load_address>0x3d4</load_address>
         <run_address>0x3d4</run_address>
         <size>0x1f</size>
         <input_file_ref idref="fl-c3"/>
      </object_component>
      <object_component id="oc-e0">
         <name>.debug_pubtypes</name>
         <load_address>0x3f3</load_address>
         <run_address>0x3f3</run_address>
         <size>0x1f</size>
         <input_file_ref idref="fl-c9"/>
      </object_component>
      <object_component id="oc-d1">
         <name>.debug_pubtypes</name>
         <load_address>0x412</load_address>
         <run_address>0x412</run_address>
         <size>0x1b</size>
         <input_file_ref idref="fl-ca"/>
      </object_component>
      <object_component id="oc-c4">
         <name>.debug_pubtypes</name>
         <load_address>0x42d</load_address>
         <run_address>0x42d</run_address>
         <size>0x32</size>
         <input_file_ref idref="fl-cb"/>
      </object_component>
      <object_component id="oc-f4">
         <name>.debug_pubtypes</name>
         <load_address>0x45f</load_address>
         <run_address>0x45f</run_address>
         <size>0x2c</size>
         <input_file_ref idref="fl-cb"/>
      </object_component>
      <object_component id="oc-c9">
         <name>.debug_pubtypes</name>
         <load_address>0x48b</load_address>
         <run_address>0x48b</run_address>
         <size>0x50</size>
         <input_file_ref idref="fl-cb"/>
      </object_component>
      <object_component id="oc-ef">
         <name>.debug_pubtypes</name>
         <load_address>0x4db</load_address>
         <run_address>0x4db</run_address>
         <size>0x23</size>
         <input_file_ref idref="fl-cc"/>
      </object_component>
   </object_component_list>
   <logical_group_list>
      <logical_group id="lg-3" display="no" color="cyan">
         <name>.intvecs</name>
         <load_address>0x0</load_address>
         <run_address>0x0</run_address>
         <size>0x140</size>
         <contents>
            <object_component_ref idref="oc-28"/>
         </contents>
      </logical_group>
      <logical_group id="lg-4" display="no" color="cyan">
         <name>.text</name>
         <load_address>0x140</load_address>
         <run_address>0x140</run_address>
         <size>0x5f4</size>
         <contents>
            <object_component_ref idref="oc-b3"/>
            <object_component_ref idref="oc-37"/>
            <object_component_ref idref="oc-5b"/>
            <object_component_ref idref="oc-10"/>
            <object_component_ref idref="oc-22"/>
            <object_component_ref idref="oc-67"/>
            <object_component_ref idref="oc-92"/>
            <object_component_ref idref="oc-61"/>
            <object_component_ref idref="oc-d7"/>
            <object_component_ref idref="oc-71"/>
            <object_component_ref idref="oc-4f"/>
            <object_component_ref idref="oc-a0"/>
            <object_component_ref idref="oc-16"/>
            <object_component_ref idref="oc-55"/>
            <object_component_ref idref="oc-98"/>
         </contents>
      </logical_group>
      <logical_group id="lg-5" display="no" color="cyan">
         <name>.const</name>
         <run_address>0x0</run_address>
         <size>0x0</size>
         <contents>
         </contents>
      </logical_group>
      <logical_group id="lg-6" display="no" color="cyan">
         <name>.cinit</name>
         <load_address>0x738</load_address>
         <run_address>0x738</run_address>
         <size>0x28</size>
         <contents>
            <object_component_ref idref="oc-11f"/>
            <object_component_ref idref="oc-11d"/>
            <object_component_ref idref="oc-11e"/>
         </contents>
      </logical_group>
      <logical_group id="lg-7" display="no" color="cyan">
         <name>.pinit</name>
         <run_address>0x0</run_address>
         <size>0x0</size>
         <contents>
         </contents>
      </logical_group>
      <logical_group id="lg-8" display="no" color="cyan">
         <name>.init_array</name>
         <run_address>0x0</run_address>
         <size>0x0</size>
         <contents>
         </contents>
      </logical_group>
      <logical_group id="lg-9" display="no" color="cyan">
         <name>.flashMailbox</name>
         <run_address>0x0</run_address>
         <size>0x0</size>
         <contents>
         </contents>
      </logical_group>
      <logical_group id="lg-a" display="no" color="cyan">
         <name>.vtable</name>
         <run_address>0x0</run_address>
         <size>0x0</size>
         <contents>
         </contents>
      </logical_group>
      <logical_group id="lg-b" display="no" color="cyan">
         <name>.data</name>
         <run_address>0x20000000</run_address>
         <size>0x1c</size>
         <contents>
            <object_component_ref idref="oc-e3"/>
            <object_component_ref idref="oc-a8"/>
            <object_component_ref idref="oc-6d"/>
            <object_component_ref idref="oc-ab"/>
         </contents>
      </logical_group>
      <logical_group id="lg-c" display="no" color="cyan">
         <name>.bss</name>
         <run_address>0x0</run_address>
         <size>0x0</size>
         <contents>
         </contents>
      </logical_group>
      <logical_group id="lg-d" display="no" color="cyan">
         <name>.sysmem</name>
         <run_address>0x0</run_address>
         <size>0x0</size>
         <contents>
         </contents>
      </logical_group>
      <logical_group id="lg-e" display="no" color="cyan">
         <name>.stack</name>
         <run_address>0x2000fe00</run_address>
         <size>0x200</size>
         <contents>
            <object_component_ref idref="oc-2b"/>
            <object_component_ref idref="oc-120"/>
         </contents>
      </logical_group>
      <logical_group id="lg-fd" display="no" color="cyan">
         <name>.TI.noinit</name>
         <run_address>0x0</run_address>
         <size>0x0</size>
         <contents>
         </contents>
      </logical_group>
      <logical_group id="lg-fe" display="no" color="cyan">
         <name>.TI.persistent</name>
         <run_address>0x0</run_address>
         <size>0x0</size>
         <contents>
         </contents>
      </logical_group>
      <logical_group id="lg-10d" display="never" color="cyan">
         <name>.debug_info</name>
         <load_address>0x0</load_address>
         <run_address>0x0</run_address>
         <size>0x3d3e</size>
         <contents>
            <object_component_ref idref="oc-a1"/>
            <object_component_ref idref="oc-32"/>
            <object_component_ref idref="oc-e7"/>
            <object_component_ref idref="oc-79"/>
            <object_component_ref idref="oc-29"/>
            <object_component_ref idref="oc-72"/>
            <object_component_ref idref="oc-e4"/>
            <object_component_ref idref="oc-b4"/>
            <object_component_ref idref="oc-25"/>
            <object_component_ref idref="oc-7f"/>
            <object_component_ref idref="oc-11"/>
            <object_component_ref idref="oc-2d"/>
            <object_component_ref idref="oc-7a"/>
            <object_component_ref idref="oc-42"/>
            <object_component_ref idref="oc-18"/>
            <object_component_ref idref="oc-3d"/>
            <object_component_ref idref="oc-81"/>
            <object_component_ref idref="oc-89"/>
            <object_component_ref idref="oc-af"/>
            <object_component_ref idref="oc-a9"/>
            <object_component_ref idref="oc-6b"/>
            <object_component_ref idref="oc-3a"/>
            <object_component_ref idref="oc-52"/>
            <object_component_ref idref="oc-59"/>
            <object_component_ref idref="oc-6e"/>
            <object_component_ref idref="oc-df"/>
            <object_component_ref idref="oc-ac"/>
            <object_component_ref idref="oc-da"/>
            <object_component_ref idref="oc-a7"/>
            <object_component_ref idref="oc-62"/>
            <object_component_ref idref="oc-d0"/>
            <object_component_ref idref="oc-9f"/>
            <object_component_ref idref="oc-5c"/>
            <object_component_ref idref="oc-c3"/>
            <object_component_ref idref="oc-f3"/>
            <object_component_ref idref="oc-c8"/>
            <object_component_ref idref="oc-bf"/>
            <object_component_ref idref="oc-95"/>
            <object_component_ref idref="oc-ee"/>
            <object_component_ref idref="oc-9b"/>
            <object_component_ref idref="oc-121"/>
         </contents>
      </logical_group>
      <logical_group id="lg-10f" display="never" color="cyan">
         <name>.debug_line</name>
         <load_address>0x0</load_address>
         <run_address>0x0</run_address>
         <size>0xf84</size>
         <contents>
            <object_component_ref idref="oc-a4"/>
            <object_component_ref idref="oc-35"/>
            <object_component_ref idref="oc-ea"/>
            <object_component_ref idref="oc-bb"/>
            <object_component_ref idref="oc-78"/>
            <object_component_ref idref="oc-75"/>
            <object_component_ref idref="oc-fc"/>
            <object_component_ref idref="oc-b7"/>
            <object_component_ref idref="oc-23"/>
            <object_component_ref idref="oc-bd"/>
            <object_component_ref idref="oc-14"/>
            <object_component_ref idref="oc-30"/>
            <object_component_ref idref="oc-7d"/>
            <object_component_ref idref="oc-87"/>
            <object_component_ref idref="oc-1b"/>
            <object_component_ref idref="oc-40"/>
            <object_component_ref idref="oc-84"/>
            <object_component_ref idref="oc-8c"/>
            <object_component_ref idref="oc-e2"/>
            <object_component_ref idref="oc-d6"/>
            <object_component_ref idref="oc-6a"/>
            <object_component_ref idref="oc-39"/>
            <object_component_ref idref="oc-54"/>
            <object_component_ref idref="oc-58"/>
            <object_component_ref idref="oc-b2"/>
            <object_component_ref idref="oc-fa"/>
            <object_component_ref idref="oc-de"/>
            <object_component_ref idref="oc-d8"/>
            <object_component_ref idref="oc-cf"/>
            <object_component_ref idref="oc-65"/>
            <object_component_ref idref="oc-d3"/>
            <object_component_ref idref="oc-c2"/>
            <object_component_ref idref="oc-60"/>
            <object_component_ref idref="oc-c6"/>
            <object_component_ref idref="oc-f6"/>
            <object_component_ref idref="oc-cb"/>
            <object_component_ref idref="oc-ed"/>
            <object_component_ref idref="oc-97"/>
            <object_component_ref idref="oc-f1"/>
            <object_component_ref idref="oc-9a"/>
         </contents>
      </logical_group>
      <logical_group id="lg-111" display="never" color="cyan">
         <name>.debug_frame</name>
         <load_address>0x0</load_address>
         <run_address>0x0</run_address>
         <size>0x4f6</size>
         <contents>
            <object_component_ref idref="oc-a5"/>
            <object_component_ref idref="oc-76"/>
            <object_component_ref idref="oc-b8"/>
            <object_component_ref idref="oc-15"/>
            <object_component_ref idref="oc-17"/>
            <object_component_ref idref="oc-69"/>
            <object_component_ref idref="oc-50"/>
            <object_component_ref idref="oc-57"/>
            <object_component_ref idref="oc-d9"/>
            <object_component_ref idref="oc-66"/>
            <object_component_ref idref="oc-5f"/>
            <object_component_ref idref="oc-93"/>
            <object_component_ref idref="oc-9d"/>
         </contents>
      </logical_group>
      <logical_group id="lg-113" display="never" color="cyan">
         <name>.debug_abbrev</name>
         <load_address>0x0</load_address>
         <run_address>0x0</run_address>
         <size>0xd50</size>
         <contents>
            <object_component_ref idref="oc-cd"/>
            <object_component_ref idref="oc-34"/>
            <object_component_ref idref="oc-e9"/>
            <object_component_ref idref="oc-ba"/>
            <object_component_ref idref="oc-77"/>
            <object_component_ref idref="oc-b9"/>
            <object_component_ref idref="oc-fb"/>
            <object_component_ref idref="oc-e6"/>
            <object_component_ref idref="oc-70"/>
            <object_component_ref idref="oc-bc"/>
            <object_component_ref idref="oc-2c"/>
            <object_component_ref idref="oc-2f"/>
            <object_component_ref idref="oc-7c"/>
            <object_component_ref idref="oc-86"/>
            <object_component_ref idref="oc-3c"/>
            <object_component_ref idref="oc-3f"/>
            <object_component_ref idref="oc-83"/>
            <object_component_ref idref="oc-8b"/>
            <object_component_ref idref="oc-e1"/>
            <object_component_ref idref="oc-d5"/>
            <object_component_ref idref="oc-ae"/>
            <object_component_ref idref="oc-80"/>
            <object_component_ref idref="oc-90"/>
            <object_component_ref idref="oc-91"/>
            <object_component_ref idref="oc-b1"/>
            <object_component_ref idref="oc-f9"/>
            <object_component_ref idref="oc-dd"/>
            <object_component_ref idref="oc-f8"/>
            <object_component_ref idref="oc-ce"/>
            <object_component_ref idref="oc-a6"/>
            <object_component_ref idref="oc-d2"/>
            <object_component_ref idref="oc-c1"/>
            <object_component_ref idref="oc-9e"/>
            <object_component_ref idref="oc-c5"/>
            <object_component_ref idref="oc-f5"/>
            <object_component_ref idref="oc-ca"/>
            <object_component_ref idref="oc-ec"/>
            <object_component_ref idref="oc-be"/>
            <object_component_ref idref="oc-f0"/>
            <object_component_ref idref="oc-c0"/>
            <object_component_ref idref="oc-122"/>
         </contents>
      </logical_group>
      <logical_group id="lg-115" display="never" color="cyan">
         <name>.debug_str</name>
         <load_address>0x0</load_address>
         <run_address>0x0</run_address>
         <size>0xe01</size>
         <contents>
            <object_component_ref idref="oc-36"/>
            <object_component_ref idref="oc-eb"/>
            <object_component_ref idref="oc-31"/>
            <object_component_ref idref="oc-7e"/>
            <object_component_ref idref="oc-41"/>
            <object_component_ref idref="oc-85"/>
            <object_component_ref idref="oc-8d"/>
            <object_component_ref idref="oc-d4"/>
            <object_component_ref idref="oc-c7"/>
            <object_component_ref idref="oc-f7"/>
            <object_component_ref idref="oc-cc"/>
            <object_component_ref idref="oc-f2"/>
         </contents>
      </logical_group>
      <logical_group id="lg-117" display="never" color="cyan">
         <name>.debug_aranges</name>
         <load_address>0x0</load_address>
         <run_address>0x0</run_address>
         <size>0x220</size>
         <contents>
            <object_component_ref idref="oc-a3"/>
            <object_component_ref idref="oc-74"/>
            <object_component_ref idref="oc-b5"/>
            <object_component_ref idref="oc-24"/>
            <object_component_ref idref="oc-12"/>
            <object_component_ref idref="oc-1a"/>
            <object_component_ref idref="oc-68"/>
            <object_component_ref idref="oc-38"/>
            <object_component_ref idref="oc-51"/>
            <object_component_ref idref="oc-56"/>
            <object_component_ref idref="oc-dc"/>
            <object_component_ref idref="oc-64"/>
            <object_component_ref idref="oc-5e"/>
            <object_component_ref idref="oc-94"/>
            <object_component_ref idref="oc-99"/>
         </contents>
      </logical_group>
      <logical_group id="lg-119" display="never" color="cyan">
         <name>.debug_pubnames</name>
         <load_address>0x0</load_address>
         <run_address>0x0</run_address>
         <size>0x371</size>
         <contents>
            <object_component_ref idref="oc-a2"/>
            <object_component_ref idref="oc-2a"/>
            <object_component_ref idref="oc-73"/>
            <object_component_ref idref="oc-e5"/>
            <object_component_ref idref="oc-b6"/>
            <object_component_ref idref="oc-26"/>
            <object_component_ref idref="oc-13"/>
            <object_component_ref idref="oc-19"/>
            <object_component_ref idref="oc-aa"/>
            <object_component_ref idref="oc-6c"/>
            <object_component_ref idref="oc-3b"/>
            <object_component_ref idref="oc-53"/>
            <object_component_ref idref="oc-5a"/>
            <object_component_ref idref="oc-6f"/>
            <object_component_ref idref="oc-ad"/>
            <object_component_ref idref="oc-db"/>
            <object_component_ref idref="oc-63"/>
            <object_component_ref idref="oc-5d"/>
            <object_component_ref idref="oc-96"/>
            <object_component_ref idref="oc-9c"/>
         </contents>
      </logical_group>
      <logical_group id="lg-11b" display="never" color="cyan">
         <name>.debug_pubtypes</name>
         <load_address>0x0</load_address>
         <run_address>0x0</run_address>
         <size>0x4fe</size>
         <contents>
            <object_component_ref idref="oc-33"/>
            <object_component_ref idref="oc-e8"/>
            <object_component_ref idref="oc-2e"/>
            <object_component_ref idref="oc-7b"/>
            <object_component_ref idref="oc-3e"/>
            <object_component_ref idref="oc-82"/>
            <object_component_ref idref="oc-8a"/>
            <object_component_ref idref="oc-b0"/>
            <object_component_ref idref="oc-e0"/>
            <object_component_ref idref="oc-d1"/>
            <object_component_ref idref="oc-c4"/>
            <object_component_ref idref="oc-f4"/>
            <object_component_ref idref="oc-c9"/>
            <object_component_ref idref="oc-ef"/>
         </contents>
      </logical_group>
      <load_segment id="lg-124" display="no" color="cyan">
         <name>SEGMENT_0</name>
         <load_address>0x0</load_address>
         <run_address>0x0</run_address>
         <size>0x760</size>
         <flags>0x5</flags>
         <contents>
            <logical_group_ref idref="lg-3"/>
            <logical_group_ref idref="lg-4"/>
            <logical_group_ref idref="lg-6"/>
         </contents>
      </load_segment>
      <load_segment id="lg-125" display="no" color="cyan">
         <name>SEGMENT_1</name>
         <run_address>0x20000000</run_address>
         <size>0x1c</size>
         <flags>0x6</flags>
         <contents>
            <logical_group_ref idref="lg-b"/>
         </contents>
      </load_segment>
      <load_segment id="lg-126" display="no" color="cyan">
         <name>SEGMENT_2</name>
         <run_address>0x2000fe00</run_address>
         <size>0x200</size>
         <flags>0x6</flags>
         <contents>
            <logical_group_ref idref="lg-e"/>
         </contents>
      </load_segment>
   </logical_group_list>
   <placement_map>
      <memory_area display="yes" color="green">
         <name>MAIN</name>
         <page_id>0x0</page_id>
         <origin>0x0</origin>
         <length>0x40000</length>
         <used_space>0x75c</used_space>
         <unused_space>0x3f8a4</unused_space>
         <attributes>RX</attributes>
         <usage_details>
            <allocated_space>
               <start_address>0x0</start_address>
               <size>0x140</size>
               <logical_group_ref idref="lg-3"/>
            </allocated_space>
            <allocated_space>
               <start_address>0x140</start_address>
               <size>0x5f4</size>
               <logical_group_ref idref="lg-4"/>
            </allocated_space>
            <available_space>
               <start_address>0x734</start_address>
               <size>0x4</size>
            </available_space>
            <allocated_space>
               <start_address>0x738</start_address>
               <size>0x28</size>
               <logical_group_ref idref="lg-6"/>
            </allocated_space>
            <available_space>
               <start_address>0x760</start_address>
               <size>0x3f8a0</size>
            </available_space>
         </usage_details>
      </memory_area>
      <memory_area display="yes" color="green">
         <name>INFO</name>
         <page_id>0x0</page_id>
         <origin>0x200000</origin>
         <length>0x4000</length>
         <used_space>0x0</used_space>
         <unused_space>0x4000</unused_space>
         <attributes>RX</attributes>
         <usage_details>
         </usage_details>
      </memory_area>
      <memory_area display="yes" color="green">
         <name>SRAM_CODE</name>
         <page_id>0x0</page_id>
         <origin>0x1000000</origin>
         <length>0x10000</length>
         <used_space>0x0</used_space>
         <unused_space>0x10000</unused_space>
         <attributes>RWX</attributes>
         <usage_details>
         </usage_details>
      </memory_area>
      <memory_area display="yes" color="green">
         <name>SRAM_DATA</name>
         <page_id>0x0</page_id>
         <origin>0x20000000</origin>
         <length>0x10000</length>
         <used_space>0x21c</used_space>
         <unused_space>0xfde4</unused_space>
         <attributes>RW</attributes>
         <usage_details>
            <allocated_space>
               <start_address>0x20000000</start_address>
               <size>0x1c</size>
               <logical_group_ref idref="lg-b"/>
            </allocated_space>
            <available_space>
               <start_address>0x2000001c</start_address>
               <size>0xfde4</size>
            </available_space>
            <allocated_space>
               <start_address>0x2000fe00</start_address>
               <size>0x200</size>
               <logical_group_ref idref="lg-e"/>
            </allocated_space>
         </usage_details>
      </memory_area>
   </placement_map>
   <cptbl_list>
      <cptbl>
         <name>__TI_cinit_table</name>
         <cprec>
            <name>.data</name>
            <load_address>0x738</load_address>
            <load_size>0x15</load_size>
            <run_address>0x20000000</run_address>
            <run_size>0x1c</run_size>
            <compression>lzss</compression>
         </cprec>
      </cptbl>
   </cptbl_list>
   <handler_table>
      <handler_table_name>__TI_handler_table</handler_table_name>
      <handler>
         <index>0x0</index>
         <name>__TI_decompress_lzss</name>
      </handler>
      <handler>
         <index>0x1</index>
         <name>__TI_decompress_none</name>
      </handler>
   </handler_table>
   <symbol_table>
      <symbol id="sm-1">
         <name>WDTCTL_SYM</name>
         <value>0x4000480c</value>
      </symbol>
      <symbol id="sm-2">
         <name>__TI_CINIT_Base</name>
         <value>0x758</value>
      </symbol>
      <symbol id="sm-3">
         <name>__TI_CINIT_Limit</name>
         <value>0x760</value>
      </symbol>
      <symbol id="sm-4">
         <name>__TI_Handler_Table_Base</name>
         <value>0x750</value>
      </symbol>
      <symbol id="sm-5">
         <name>__TI_Handler_Table_Limit</name>
         <value>0x758</value>
      </symbol>
      <symbol id="sm-6">
         <name>binit</name>
         <value>0xffffffff</value>
      </symbol>
      <symbol id="sm-7">
         <name>__binit__</name>
         <value>0xffffffff</value>
      </symbol>
      <symbol id="sm-8">
         <name>__STACK_SIZE</name>
         <value>0x200</value>
      </symbol>
      <symbol id="sm-9">
         <name>__STACK_END</name>
         <value>0x20010000</value>
      </symbol>
      <symbol id="sm-a">
         <name>__c_args__</name>
         <value>0xffffffff</value>
      </symbol>
      <symbol id="sm-b">
         <name>__TI_pprof_out_hndl</name>
         <value>0xffffffff</value>
      </symbol>
      <symbol id="sm-c">
         <name>__TI_prof_data_start</name>
         <value>0xffffffff</value>
      </symbol>
      <symbol id="sm-d">
         <name>__TI_prof_data_size</name>
         <value>0xffffffff</value>
      </symbol>
      <symbol id="sm-3a">
         <name>main</name>
         <value>0x711</value>
         <object_component_ref idref="oc-a0"/>
      </symbol>
      <symbol id="sm-57">
         <name>interruptVectors</name>
         <value>0x0</value>
         <object_component_ref idref="oc-28"/>
      </symbol>
      <symbol id="sm-9e">
         <name>SystemInit</name>
         <value>0x3b5</value>
         <object_component_ref idref="oc-b3"/>
      </symbol>
      <symbol id="sm-9f">
         <name>SystemCoreClockUpdate</name>
         <value>0x141</value>
         <object_component_ref idref="oc-b3"/>
      </symbol>
      <symbol id="sm-a0">
         <name>SystemCoreClock</name>
         <value>0x20000018</value>
         <object_component_ref idref="oc-e3"/>
      </symbol>
      <symbol id="sm-b1">
         <name>_c_int00</name>
         <value>0x5dd</value>
         <object_component_ref idref="oc-22"/>
      </symbol>
      <symbol id="sm-b2">
         <name>__stack</name>
         <value>0x2000fe00</value>
         <object_component_ref idref="oc-2b"/>
      </symbol>
      <symbol id="sm-d0">
         <name>__TI_decompress_lzss</name>
         <value>0x575</value>
         <object_component_ref idref="oc-10"/>
      </symbol>
      <symbol id="sm-e7">
         <name>__TI_decompress_none</name>
         <value>0x721</value>
         <object_component_ref idref="oc-16"/>
      </symbol>
      <symbol id="sm-10e">
         <name>C$$EXIT</name>
         <value>0x631</value>
         <object_component_ref idref="oc-67"/>
      </symbol>
      <symbol id="sm-10f">
         <name>abort</name>
         <value>0x635</value>
         <object_component_ref idref="oc-67"/>
      </symbol>
      <symbol id="sm-110">
         <name>exit</name>
         <value>0x63d</value>
         <object_component_ref idref="oc-67"/>
      </symbol>
      <symbol id="sm-111">
         <name>__TI_dtors_ptr</name>
         <value>0x20000004</value>
         <object_component_ref idref="oc-a8"/>
      </symbol>
      <symbol id="sm-112">
         <name>__TI_cleanup_ptr</name>
         <value>0x20000000</value>
         <object_component_ref idref="oc-a8"/>
      </symbol>
      <symbol id="sm-113">
         <name>__TI_enable_exit_profile_output</name>
         <value>0x20000008</value>
         <object_component_ref idref="oc-a8"/>
      </symbol>
      <symbol id="sm-12e">
         <name>memcpy</name>
         <value>0x469</value>
         <object_component_ref idref="oc-37"/>
      </symbol>
      <symbol id="sm-12f">
         <name>__aeabi_memcpy</name>
         <value>0x469</value>
         <object_component_ref idref="oc-37"/>
      </symbol>
      <symbol id="sm-130">
         <name>__aeabi_memcpy8</name>
         <value>0x469</value>
         <object_component_ref idref="oc-37"/>
      </symbol>
      <symbol id="sm-131">
         <name>__aeabi_memcpy4</name>
         <value>0x469</value>
         <object_component_ref idref="oc-37"/>
      </symbol>
      <symbol id="sm-13c">
         <name>__mpu_init</name>
         <value>0x70f</value>
         <object_component_ref idref="oc-4f"/>
      </symbol>
      <symbol id="sm-146">
         <name>_system_pre_init</name>
         <value>0x72f</value>
         <object_component_ref idref="oc-55"/>
      </symbol>
      <symbol id="sm-14e">
         <name>main_func_sp</name>
         <value>0x20000014</value>
         <object_component_ref idref="oc-6d"/>
      </symbol>
      <symbol id="sm-167">
         <name>_nop</name>
         <value>0x6f7</value>
         <object_component_ref idref="oc-d7"/>
      </symbol>
      <symbol id="sm-168">
         <name>_lock</name>
         <value>0x2000000c</value>
         <object_component_ref idref="oc-ab"/>
      </symbol>
      <symbol id="sm-169">
         <name>_unlock</name>
         <value>0x20000010</value>
         <object_component_ref idref="oc-ab"/>
      </symbol>
      <symbol id="sm-16a">
         <name>_register_lock</name>
         <value>0x6ef</value>
         <object_component_ref idref="oc-d7"/>
      </symbol>
      <symbol id="sm-16b">
         <name>_register_unlock</name>
         <value>0x6e9</value>
         <object_component_ref idref="oc-d7"/>
      </symbol>
      <symbol id="sm-17f">
         <name>_args_main</name>
         <value>0x6d1</value>
         <object_component_ref idref="oc-61"/>
      </symbol>
      <symbol id="sm-1a9">
         <name>__TI_auto_init</name>
         <value>0x505</value>
         <object_component_ref idref="oc-5b"/>
      </symbol>
      <symbol id="sm-1c3">
         <name>copy_in</name>
         <value>0x685</value>
         <object_component_ref idref="oc-92"/>
      </symbol>
      <symbol id="sm-1cd">
         <name>_system_post_cinit</name>
         <value>0x733</value>
         <object_component_ref idref="oc-98"/>
      </symbol>
      <symbol id="sm-1ce">
         <name>__TI_static_base__</name>
         <value>0x0</value>
      </symbol>
      <symbol id="sm-1d1">
         <name>SHT$$INIT_ARRAY$$Limit</name>
         <value>0x0</value>
      </symbol>
      <symbol id="sm-1d2">
         <name>SHT$$INIT_ARRAY$$Base</name>
         <value>0x0</value>
      </symbol>
   </symbol_table>
   <title>Link successful</title>
</link_info>
