******************************************************************************
                  TI ARM Linker PC v16.9.3                     
******************************************************************************
>> Linked Tue Aug 15 18:09:32 2017

OUTPUT FILE NAME:   <contextSwitching.out>
ENTRY POINT SYMBOL: "_c_int00"  address: 00000b5d


MEMORY CONFIGURATION

         name            origin    length      used     unused   attr    fill
----------------------  --------  ---------  --------  --------  ----  --------
  MAIN                  00000000   00040000  00000d4e  0003f2b2  R  X
  INFO                  00200000   00004000  00000000  00004000  R  X
  SRAM_CODE             01000000   00010000  00000000  00010000  RW X
  SRAM_DATA             20000000   00010000  00000a98  0000f568  RW  


SEGMENT ALLOCATION MAP

run origin  load origin   length   init length attrs members
----------  ----------- ---------- ----------- ----- -------
00000000    00000000    00000d50   00000d50    r-x
  00000000    00000000    00000140   00000140    r-- .intvecs
  00000140    00000140    00000bc6   00000bc6    r-x .text
  00000d08    00000d08    00000048   00000048    r-- .cinit
20000000    20000000    00000898   00000000    rw-
  20000000    20000000    00000800   00000000    rw- .sysmem
  20000800    20000800    00000068   00000000    rw- .bss
  20000868    20000868    00000030   00000000    rw- .data
2000fe00    2000fe00    00000200   00000000    rw-
  2000fe00    2000fe00    00000200   00000000    rw- .stack


SECTION ALLOCATION MAP

 output                                  attributes/
section   page    origin      length       input sections
--------  ----  ----------  ----------   ----------------
.intvecs   0    00000000    00000140     
                  00000000    00000140     startup_msp432p401r_ccs.obj (.intvecs:retain)

.text      0    00000140    00000bc6     
                  00000140    000003d0     rtsv7M4_T_le_v4SPD16_eabi.lib : memory.obj (.text)
                  00000510    00000328     system_msp432p401r.obj (.text)
                  00000838    000000a0     core.obj (.text)
                  000008d8    0000009c     rtsv7M4_T_le_v4SPD16_eabi.lib : memcpy_t2.obj (.text)
                  00000974    00000094     kernel.obj (.text)
                  00000a08    0000007a     rtsv7M4_T_le_v4SPD16_eabi.lib : memset_t2.obj (.text)
                  00000a82    00000002                                   : mpu_init.obj (.text)
                  00000a84    00000070                                   : autoinit.obj (.text)
                  00000af4    00000068                                   : copy_decompress_lzss.obj (.text:decompress:lzss)
                  00000b5c    00000054                                   : boot.obj (.text)
                  00000bb0    00000054                                   : exit.obj (.text)
                  00000c04    0000004c                                   : cpy_tbl.obj (.text)
                  00000c50    00000040     Systick.obj (.text)
                  00000c90    00000018     rtsv7M4_T_le_v4SPD16_eabi.lib : args_main.obj (.text)
                  00000ca8    00000014     main.obj (.text)
                  00000cbc    00000014     rtsv7M4_T_le_v4SPD16_eabi.lib : _lock.obj (.text)
                  00000cd0    00000012     startup_msp432p401r_ccs.obj (.text)
                  00000ce2    0000000e     rtsv7M4_T_le_v4SPD16_eabi.lib : copy_decompress_none.obj (.text:decompress:none)
                  00000cf0    0000000c                                   : copy_zero_init.obj (.text:decompress:ZI)
                  00000cfc    00000004     myThreads.obj (.text)
                  00000d00    00000004     rtsv7M4_T_le_v4SPD16_eabi.lib : pre_init.obj (.text)
                  00000d04    00000002                                   : startup.obj (.text)

.cinit     0    00000d08    00000048     
                  00000d08    00000022     (.cinit..data.load) [load image, compression = lzss]
                  00000d2a    00000002     --HOLE-- [fill = 0]
                  00000d2c    0000000c     (__TI_handler_table)
                  00000d38    00000008     (.cinit..bss.load) [load image, compression = zero_init]
                  00000d40    00000010     (__TI_cinit_table)

.init_array 
*          0    00000000    00000000     UNINITIALIZED

.sysmem    0    20000000    00000800     UNINITIALIZED
                  20000000    00000008     rtsv7M4_T_le_v4SPD16_eabi.lib : memory.obj (.sysmem)
                  20000008    000007f8     --HOLE--

.bss       0    20000800    00000068     UNINITIALIZED
                  20000800    00000060     (.common:threads)
                  20000860    00000004     (.common:currThread)
                  20000864    00000004     (.common:uartLock)

.data      0    20000868    00000030     UNINITIALIZED
                  20000868    0000000c     rtsv7M4_T_le_v4SPD16_eabi.lib : exit.obj (.data:$O1$$)
                  20000874    0000000c                                   : memory.obj (.data:$O1$$)
                  20000880    00000008                                   : _lock.obj (.data:$O1$$)
                  20000888    00000008     kernel.obj (.data:threadTable)
                  20000890    00000004     rtsv7M4_T_le_v4SPD16_eabi.lib : stkdepth_vars.obj (.data)
                  20000894    00000004     system_msp432p401r.obj (.data)

.stack     0    2000fe00    00000200     UNINITIALIZED
                  2000fe00    00000200     --HOLE--

MODULE SUMMARY

       Module                        code   ro data   rw data
       ------                        ----   -------   -------
    .\
       system_msp432p401r.obj        808    0         4      
       startup_msp432p401r_ccs.obj   18     320       0      
       kernel.obj                    148    0         112    
       core.obj                      160    0         0      
       Systick.obj                   64     0         0      
       main.obj                      20     0         0      
       myThreads.obj                 4      0         0      
    +--+-----------------------------+------+---------+---------+
       Total:                        1222   320       116    
                                                             
    D:\ti\ccsv7\tools\compiler\ti-cgt-arm_16.9.3.LTS\lib\rtsv7M4_T_le_v4SPD16_eabi.lib
       memory.obj                    976    0         12     
       memcpy_t2.obj                 156    0         0      
       memset_t2.obj                 122    0         0      
       autoinit.obj                  112    0         0      
       copy_decompress_lzss.obj      104    0         0      
       exit.obj                      84     0         12     
       boot.obj                      84     0         0      
       cpy_tbl.obj                   76     0         0      
       _lock.obj                     20     0         8      
       args_main.obj                 24     0         0      
       copy_decompress_none.obj      14     0         0      
       copy_zero_init.obj            12     0         0      
       pre_init.obj                  4      0         0      
       stkdepth_vars.obj             0      0         4      
       mpu_init.obj                  2      0         0      
       startup.obj                   2      0         0      
    +--+-----------------------------+------+---------+---------+
       Total:                        1792   0         36     
                                                             
       Heap:                         0      0         2048   
       Stack:                        0      0         512    
       Linker Generated:             0      70        0      
    +--+-----------------------------+------+---------+---------+
       Grand Total:                  3014   390       2712   


LINKER GENERATED COPY TABLES

__TI_cinit_table @ 00000d40 records: 2, size/record: 8, table size: 16
	.data: load addr=00000d08, load size=00000022 bytes, run addr=20000868, run size=00000030 bytes, compression=lzss
	.bss: load addr=00000d38, load size=00000008 bytes, run addr=20000800, run size=00000068 bytes, compression=zero_init


LINKER GENERATED HANDLER TABLE

__TI_handler_table @ 00000d2c records: 3, size/record: 4, table size: 12
	index: 0, handler: __TI_decompress_lzss
	index: 1, handler: __TI_decompress_none
	index: 2, handler: __TI_zero_init


GLOBAL SYMBOLS: SORTED ALPHABETICALLY BY Name 

address   name                           
-------   ----                           
00000bb1  C$$EXIT                        
UNDEFED   SHT$$INIT_ARRAY$$Base          
UNDEFED   SHT$$INIT_ARRAY$$Limit         
00000c51  SysTick_Init                   
20000894  SystemCoreClock                
00000511  SystemCoreClockUpdate          
00000785  SystemInit                     
4000480c  WDTCTL_SYM                     
20010000  __STACK_END                    
00000200  __STACK_SIZE                   
00000800  __SYSMEM_SIZE                  
00000d40  __TI_CINIT_Base                
00000d50  __TI_CINIT_Limit               
00000d2c  __TI_Handler_Table_Base        
00000d38  __TI_Handler_Table_Limit       
00000a85  __TI_auto_init                 
20000868  __TI_cleanup_ptr               
00000af5  __TI_decompress_lzss           
00000ce3  __TI_decompress_none           
2000086c  __TI_dtors_ptr                 
20000870  __TI_enable_exit_profile_output
ffffffff  __TI_pprof_out_hndl            
ffffffff  __TI_prof_data_size            
ffffffff  __TI_prof_data_start           
00000000  __TI_static_base__             
00000cf1  __TI_zero_init                 
00000a09  __aeabi_memclr                 
00000a09  __aeabi_memclr4                
00000a09  __aeabi_memclr8                
000008d9  __aeabi_memcpy                 
000008d9  __aeabi_memcpy4                
000008d9  __aeabi_memcpy8                
00000a0b  __aeabi_memset                 
00000a0b  __aeabi_memset4                
00000a0b  __aeabi_memset8                
ffffffff  __binit__                      
ffffffff  __c_args__                     
00000a83  __mpu_init                     
2000fe00  __stack                        
00000c91  _args_main                     
00000b5d  _c_int00                       
20000880  _lock                          
00000ccb  _nop                           
00000cc3  _register_lock                 
00000cbd  _register_unlock               
20000000  _sys_memory                    
00000d05  _system_post_cinit             
00000d01  _system_pre_init               
20000884  _unlock                        
00000bb5  abort                          
ffffffff  binit                          
000004e1  calloc                         
00000c05  copy_in                        
0000085f  createThread                   
20000860  currThread                     
00000bbd  exit                           
0000022b  free                           
00000975  initKernel                     
00000000  interruptVectors               
000008a5  lockAcquire                    
00000895  lockInit                       
00000885  lockRelease                    
00000ca9  main                           
20000890  main_func_sp                   
000001c1  malloc                         
000003f5  memalign                       
000008d9  memcpy                         
00000a11  memset                         
00000141  minit                          
000002ed  realloc                        
000009e9  taskSelect                     
00000cfd  thread1                        
00000cff  thread2                        
00000839  threadStarter                  
20000888  threadTable                    
20000800  threads                        
20000864  uartLock                       
0000085d  yield                          


GLOBAL SYMBOLS: SORTED BY Symbol Address 

address   name                           
-------   ----                           
00000000  __TI_static_base__             
00000000  interruptVectors               
00000141  minit                          
000001c1  malloc                         
00000200  __STACK_SIZE                   
0000022b  free                           
000002ed  realloc                        
000003f5  memalign                       
000004e1  calloc                         
00000511  SystemCoreClockUpdate          
00000785  SystemInit                     
00000800  __SYSMEM_SIZE                  
00000839  threadStarter                  
0000085d  yield                          
0000085f  createThread                   
00000885  lockRelease                    
00000895  lockInit                       
000008a5  lockAcquire                    
000008d9  __aeabi_memcpy                 
000008d9  __aeabi_memcpy4                
000008d9  __aeabi_memcpy8                
000008d9  memcpy                         
00000975  initKernel                     
000009e9  taskSelect                     
00000a09  __aeabi_memclr                 
00000a09  __aeabi_memclr4                
00000a09  __aeabi_memclr8                
00000a0b  __aeabi_memset                 
00000a0b  __aeabi_memset4                
00000a0b  __aeabi_memset8                
00000a11  memset                         
00000a83  __mpu_init                     
00000a85  __TI_auto_init                 
00000af5  __TI_decompress_lzss           
00000b5d  _c_int00                       
00000bb1  C$$EXIT                        
00000bb5  abort                          
00000bbd  exit                           
00000c05  copy_in                        
00000c51  SysTick_Init                   
00000c91  _args_main                     
00000ca9  main                           
00000cbd  _register_unlock               
00000cc3  _register_lock                 
00000ccb  _nop                           
00000ce3  __TI_decompress_none           
00000cf1  __TI_zero_init                 
00000cfd  thread1                        
00000cff  thread2                        
00000d01  _system_pre_init               
00000d05  _system_post_cinit             
00000d2c  __TI_Handler_Table_Base        
00000d38  __TI_Handler_Table_Limit       
00000d40  __TI_CINIT_Base                
00000d50  __TI_CINIT_Limit               
20000000  _sys_memory                    
20000800  threads                        
20000860  currThread                     
20000864  uartLock                       
20000868  __TI_cleanup_ptr               
2000086c  __TI_dtors_ptr                 
20000870  __TI_enable_exit_profile_output
20000880  _lock                          
20000884  _unlock                        
20000888  threadTable                    
20000890  main_func_sp                   
20000894  SystemCoreClock                
2000fe00  __stack                        
20010000  __STACK_END                    
4000480c  WDTCTL_SYM                     
ffffffff  __TI_pprof_out_hndl            
ffffffff  __TI_prof_data_size            
ffffffff  __TI_prof_data_start           
ffffffff  __binit__                      
ffffffff  __c_args__                     
ffffffff  binit                          
UNDEFED   SHT$$INIT_ARRAY$$Base          
UNDEFED   SHT$$INIT_ARRAY$$Limit         

[78 symbols]
