******************************************************************************
                  TI ARM Linker PC v16.9.3                     
******************************************************************************
>> Linked Tue Aug 15 14:28:42 2017

OUTPUT FILE NAME:   <contxtSwitch.out>
ENTRY POINT SYMBOL: "_c_int00"  address: 000005dd


MEMORY CONFIGURATION

         name            origin    length      used     unused   attr    fill
----------------------  --------  ---------  --------  --------  ----  --------
  MAIN                  00000000   00040000  0000075c  0003f8a4  R  X
  INFO                  00200000   00004000  00000000  00004000  R  X
  SRAM_CODE             01000000   00010000  00000000  00010000  RW X
  SRAM_DATA             20000000   00010000  0000021c  0000fde4  RW  


SEGMENT ALLOCATION MAP

run origin  load origin   length   init length attrs members
----------  ----------- ---------- ----------- ----- -------
00000000    00000000    00000760   00000760    r-x
  00000000    00000000    00000140   00000140    r-- .intvecs
  00000140    00000140    000005f4   000005f4    r-x .text
  00000738    00000738    00000028   00000028    r-- .cinit
20000000    20000000    0000001c   00000000    rw-
  20000000    20000000    0000001c   00000000    rw- .data
2000fe00    2000fe00    00000200   00000000    rw-
  2000fe00    2000fe00    00000200   00000000    rw- .stack


SECTION ALLOCATION MAP

 output                                  attributes/
section   page    origin      length       input sections
--------  ----  ----------  ----------   ----------------
.intvecs   0    00000000    00000140     
                  00000000    00000140     startup_msp432p401r_ccs.obj (.intvecs:retain)

.text      0    00000140    000005f4     
                  00000140    00000328     system_msp432p401r.obj (.text)
                  00000468    0000009c     rtsv7M4_T_le_v4SPD16_eabi.lib : memcpy_t2.obj (.text)
                  00000504    00000070                                   : autoinit.obj (.text)
                  00000574    00000068                                   : copy_decompress_lzss.obj (.text:decompress:lzss)
                  000005dc    00000054                                   : boot.obj (.text)
                  00000630    00000054                                   : exit.obj (.text)
                  00000684    0000004c                                   : cpy_tbl.obj (.text)
                  000006d0    00000018                                   : args_main.obj (.text)
                  000006e8    00000014                                   : _lock.obj (.text)
                  000006fc    00000012     startup_msp432p401r_ccs.obj (.text)
                  0000070e    00000002     rtsv7M4_T_le_v4SPD16_eabi.lib : mpu_init.obj (.text)
                  00000710    00000010     main.obj (.text)
                  00000720    0000000e     rtsv7M4_T_le_v4SPD16_eabi.lib : copy_decompress_none.obj (.text:decompress:none)
                  0000072e    00000004                                   : pre_init.obj (.text)
                  00000732    00000002                                   : startup.obj (.text)

.cinit     0    00000738    00000028     
                  00000738    00000015     (.cinit..data.load) [load image, compression = lzss]
                  0000074d    00000003     --HOLE-- [fill = 0]
                  00000750    00000008     (__TI_handler_table)
                  00000758    00000008     (__TI_cinit_table)

.init_array 
*          0    00000000    00000000     UNINITIALIZED

.data      0    20000000    0000001c     UNINITIALIZED
                  20000000    0000000c     rtsv7M4_T_le_v4SPD16_eabi.lib : exit.obj (.data:$O1$$)
                  2000000c    00000008                                   : _lock.obj (.data:$O1$$)
                  20000014    00000004                                   : stkdepth_vars.obj (.data)
                  20000018    00000004     system_msp432p401r.obj (.data)

.stack     0    2000fe00    00000200     UNINITIALIZED
                  2000fe00    00000200     --HOLE--

MODULE SUMMARY

       Module                        code   ro data   rw data
       ------                        ----   -------   -------
    .\
       system_msp432p401r.obj        808    0         4      
       startup_msp432p401r_ccs.obj   18     320       0      
       main.obj                      16     0         0      
    +--+-----------------------------+------+---------+---------+
       Total:                        842    320       4      
                                                             
    D:\ti\ccsv7\tools\compiler\ti-cgt-arm_16.9.3.LTS\lib\rtsv7M4_T_le_v4SPD16_eabi.lib
       memcpy_t2.obj                 156    0         0      
       autoinit.obj                  112    0         0      
       copy_decompress_lzss.obj      104    0         0      
       exit.obj                      84     0         12     
       boot.obj                      84     0         0      
       cpy_tbl.obj                   76     0         0      
       _lock.obj                     20     0         8      
       args_main.obj                 24     0         0      
       copy_decompress_none.obj      14     0         0      
       pre_init.obj                  4      0         0      
       stkdepth_vars.obj             0      0         4      
       mpu_init.obj                  2      0         0      
       startup.obj                   2      0         0      
    +--+-----------------------------+------+---------+---------+
       Total:                        682    0         24     
                                                             
       Stack:                        0      0         512    
       Linker Generated:             0      37        0      
    +--+-----------------------------+------+---------+---------+
       Grand Total:                  1524   357       540    


LINKER GENERATED COPY TABLES

__TI_cinit_table @ 00000758 records: 1, size/record: 8, table size: 8
	.data: load addr=00000738, load size=00000015 bytes, run addr=20000000, run size=0000001c bytes, compression=lzss


LINKER GENERATED HANDLER TABLE

__TI_handler_table @ 00000750 records: 2, size/record: 4, table size: 8
	index: 0, handler: __TI_decompress_lzss
	index: 1, handler: __TI_decompress_none


GLOBAL SYMBOLS: SORTED ALPHABETICALLY BY Name 

address   name                           
-------   ----                           
00000631  C$$EXIT                        
UNDEFED   SHT$$INIT_ARRAY$$Base          
UNDEFED   SHT$$INIT_ARRAY$$Limit         
20000018  SystemCoreClock                
00000141  SystemCoreClockUpdate          
000003b5  SystemInit                     
4000480c  WDTCTL_SYM                     
20010000  __STACK_END                    
00000200  __STACK_SIZE                   
00000758  __TI_CINIT_Base                
00000760  __TI_CINIT_Limit               
00000750  __TI_Handler_Table_Base        
00000758  __TI_Handler_Table_Limit       
00000505  __TI_auto_init                 
20000000  __TI_cleanup_ptr               
00000575  __TI_decompress_lzss           
00000721  __TI_decompress_none           
20000004  __TI_dtors_ptr                 
20000008  __TI_enable_exit_profile_output
ffffffff  __TI_pprof_out_hndl            
ffffffff  __TI_prof_data_size            
ffffffff  __TI_prof_data_start           
00000000  __TI_static_base__             
00000469  __aeabi_memcpy                 
00000469  __aeabi_memcpy4                
00000469  __aeabi_memcpy8                
ffffffff  __binit__                      
ffffffff  __c_args__                     
0000070f  __mpu_init                     
2000fe00  __stack                        
000006d1  _args_main                     
000005dd  _c_int00                       
2000000c  _lock                          
000006f7  _nop                           
000006ef  _register_lock                 
000006e9  _register_unlock               
00000733  _system_post_cinit             
0000072f  _system_pre_init               
20000010  _unlock                        
00000635  abort                          
ffffffff  binit                          
00000685  copy_in                        
0000063d  exit                           
00000000  interruptVectors               
00000711  main                           
20000014  main_func_sp                   
00000469  memcpy                         


GLOBAL SYMBOLS: SORTED BY Symbol Address 

address   name                           
-------   ----                           
00000000  __TI_static_base__             
00000000  interruptVectors               
00000141  SystemCoreClockUpdate          
00000200  __STACK_SIZE                   
000003b5  SystemInit                     
00000469  __aeabi_memcpy                 
00000469  __aeabi_memcpy4                
00000469  __aeabi_memcpy8                
00000469  memcpy                         
00000505  __TI_auto_init                 
00000575  __TI_decompress_lzss           
000005dd  _c_int00                       
00000631  C$$EXIT                        
00000635  abort                          
0000063d  exit                           
00000685  copy_in                        
000006d1  _args_main                     
000006e9  _register_unlock               
000006ef  _register_lock                 
000006f7  _nop                           
0000070f  __mpu_init                     
00000711  main                           
00000721  __TI_decompress_none           
0000072f  _system_pre_init               
00000733  _system_post_cinit             
00000750  __TI_Handler_Table_Base        
00000758  __TI_CINIT_Base                
00000758  __TI_Handler_Table_Limit       
00000760  __TI_CINIT_Limit               
20000000  __TI_cleanup_ptr               
20000004  __TI_dtors_ptr                 
20000008  __TI_enable_exit_profile_output
2000000c  _lock                          
20000010  _unlock                        
20000014  main_func_sp                   
20000018  SystemCoreClock                
2000fe00  __stack                        
20010000  __STACK_END                    
4000480c  WDTCTL_SYM                     
ffffffff  __TI_pprof_out_hndl            
ffffffff  __TI_prof_data_size            
ffffffff  __TI_prof_data_start           
ffffffff  __binit__                      
ffffffff  __c_args__                     
ffffffff  binit                          
UNDEFED   SHT$$INIT_ARRAY$$Base          
UNDEFED   SHT$$INIT_ARRAY$$Limit         

[47 symbols]
